<!doctype html public "-//w3c//dtd html 4.0 transitional//en">
<html><head>
<title>Static Call Graph - [..\Objects\MazeRobot.axf]</title></head>
<body><HR>
<H1>Static Call Graph for image ..\Objects\MazeRobot.axf</H1><HR>
<BR><P>#&#060CALLGRAPH&#062# ARM Linker, 5060528: Last Updated: Thu Jun 11 14:53:13 2026
<BR><P>
<H3>Maximum Stack Usage =        168 bytes + Unknown(Cycles, Untraceable Function Pointers)</H3><H3>
Call chain for Maximum Stack Depth:</H3>
__rt_entry_main &rArr; main &rArr; Maze_Task &rArr; Maze_TurnBack &rArr; Maze_PostTurnForwardIfClear &rArr; Maze_GoForwardChecked &rArr; Maze_ReadSensorState &rArr; Maze_SendStatusNow &rArr; UART1_SendRobotStatus &rArr; UART1_SendSignedPwm &rArr; UART1_SendUint
<P>
<H3>
Mutually Recursive functions
</H3> <LI><a href="#[1f]">ADC1_2_IRQHandler</a>&nbsp;&nbsp;&nbsp;&rArr;&nbsp;&nbsp;&nbsp;<a href="#[1f]">ADC1_2_IRQHandler</a><BR>
</UL>
<P>
<H3>
Function Pointers
</H3><UL>
 <LI><a href="#[1f]">ADC1_2_IRQHandler</a> from startup_stm32f103c8tx.o(.text) referenced from startup_stm32f103c8tx.o(RESET)
 <LI><a href="#[7]">BusFault_Handler</a> from startup_stm32f103c8tx.o(.text) referenced from startup_stm32f103c8tx.o(RESET)
 <LI><a href="#[22]">CAN1_RX1_IRQHandler</a> from startup_stm32f103c8tx.o(.text) referenced from startup_stm32f103c8tx.o(RESET)
 <LI><a href="#[23]">CAN1_SCE_IRQHandler</a> from startup_stm32f103c8tx.o(.text) referenced from startup_stm32f103c8tx.o(RESET)
 <LI><a href="#[18]">DMA1_Channel1_IRQHandler</a> from startup_stm32f103c8tx.o(.text) referenced from startup_stm32f103c8tx.o(RESET)
 <LI><a href="#[19]">DMA1_Channel2_IRQHandler</a> from startup_stm32f103c8tx.o(.text) referenced from startup_stm32f103c8tx.o(RESET)
 <LI><a href="#[1a]">DMA1_Channel3_IRQHandler</a> from startup_stm32f103c8tx.o(.text) referenced from startup_stm32f103c8tx.o(RESET)
 <LI><a href="#[1b]">DMA1_Channel4_IRQHandler</a> from startup_stm32f103c8tx.o(.text) referenced from startup_stm32f103c8tx.o(RESET)
 <LI><a href="#[1c]">DMA1_Channel5_IRQHandler</a> from startup_stm32f103c8tx.o(.text) referenced from startup_stm32f103c8tx.o(RESET)
 <LI><a href="#[1d]">DMA1_Channel6_IRQHandler</a> from startup_stm32f103c8tx.o(.text) referenced from startup_stm32f103c8tx.o(RESET)
 <LI><a href="#[1e]">DMA1_Channel7_IRQHandler</a> from startup_stm32f103c8tx.o(.text) referenced from startup_stm32f103c8tx.o(RESET)
 <LI><a href="#[a]">DebugMon_Handler</a> from startup_stm32f103c8tx.o(.text) referenced from startup_stm32f103c8tx.o(RESET)
 <LI><a href="#[13]">EXTI0_IRQHandler</a> from startup_stm32f103c8tx.o(.text) referenced from startup_stm32f103c8tx.o(RESET)
 <LI><a href="#[35]">EXTI15_10_IRQHandler</a> from startup_stm32f103c8tx.o(.text) referenced from startup_stm32f103c8tx.o(RESET)
 <LI><a href="#[14]">EXTI1_IRQHandler</a> from startup_stm32f103c8tx.o(.text) referenced from startup_stm32f103c8tx.o(RESET)
 <LI><a href="#[15]">EXTI2_IRQHandler</a> from startup_stm32f103c8tx.o(.text) referenced from startup_stm32f103c8tx.o(RESET)
 <LI><a href="#[16]">EXTI3_IRQHandler</a> from startup_stm32f103c8tx.o(.text) referenced from startup_stm32f103c8tx.o(RESET)
 <LI><a href="#[17]">EXTI4_IRQHandler</a> from startup_stm32f103c8tx.o(.text) referenced from startup_stm32f103c8tx.o(RESET)
 <LI><a href="#[24]">EXTI9_5_IRQHandler</a> from startup_stm32f103c8tx.o(.text) referenced from startup_stm32f103c8tx.o(RESET)
 <LI><a href="#[11]">FLASH_IRQHandler</a> from startup_stm32f103c8tx.o(.text) referenced from startup_stm32f103c8tx.o(RESET)
 <LI><a href="#[5]">HardFault_Handler</a> from startup_stm32f103c8tx.o(.text) referenced from startup_stm32f103c8tx.o(RESET)
 <LI><a href="#[2d]">I2C1_ER_IRQHandler</a> from startup_stm32f103c8tx.o(.text) referenced from startup_stm32f103c8tx.o(RESET)
 <LI><a href="#[2c]">I2C1_EV_IRQHandler</a> from startup_stm32f103c8tx.o(.text) referenced from startup_stm32f103c8tx.o(RESET)
 <LI><a href="#[2f]">I2C2_ER_IRQHandler</a> from startup_stm32f103c8tx.o(.text) referenced from startup_stm32f103c8tx.o(RESET)
 <LI><a href="#[2e]">I2C2_EV_IRQHandler</a> from startup_stm32f103c8tx.o(.text) referenced from startup_stm32f103c8tx.o(RESET)
 <LI><a href="#[6]">MemManage_Handler</a> from startup_stm32f103c8tx.o(.text) referenced from startup_stm32f103c8tx.o(RESET)
 <LI><a href="#[4]">NMI_Handler</a> from startup_stm32f103c8tx.o(.text) referenced from startup_stm32f103c8tx.o(RESET)
 <LI><a href="#[e]">PVD_IRQHandler</a> from startup_stm32f103c8tx.o(.text) referenced from startup_stm32f103c8tx.o(RESET)
 <LI><a href="#[b]">PendSV_Handler</a> from startup_stm32f103c8tx.o(.text) referenced from startup_stm32f103c8tx.o(RESET)
 <LI><a href="#[12]">RCC_IRQHandler</a> from startup_stm32f103c8tx.o(.text) referenced from startup_stm32f103c8tx.o(RESET)
 <LI><a href="#[36]">RTCAlarm_IRQHandler</a> from startup_stm32f103c8tx.o(.text) referenced from startup_stm32f103c8tx.o(RESET)
 <LI><a href="#[10]">RTC_IRQHandler</a> from startup_stm32f103c8tx.o(.text) referenced from startup_stm32f103c8tx.o(RESET)
 <LI><a href="#[38]">Reset_Handler</a> from startup_stm32f103c8tx.o(.text) referenced from startup_stm32f103c8tx.o(RESET)
 <LI><a href="#[30]">SPI1_IRQHandler</a> from startup_stm32f103c8tx.o(.text) referenced from startup_stm32f103c8tx.o(RESET)
 <LI><a href="#[31]">SPI2_IRQHandler</a> from startup_stm32f103c8tx.o(.text) referenced from startup_stm32f103c8tx.o(RESET)
 <LI><a href="#[9]">SVC_Handler</a> from startup_stm32f103c8tx.o(.text) referenced from startup_stm32f103c8tx.o(RESET)
 <LI><a href="#[c]">SysTick_Handler</a> from startup_stm32f103c8tx.o(.text) referenced from startup_stm32f103c8tx.o(RESET)
 <LI><a href="#[f]">TAMPER_IRQHandler</a> from startup_stm32f103c8tx.o(.text) referenced from startup_stm32f103c8tx.o(RESET)
 <LI><a href="#[25]">TIM1_BRK_IRQHandler</a> from startup_stm32f103c8tx.o(.text) referenced from startup_stm32f103c8tx.o(RESET)
 <LI><a href="#[28]">TIM1_CC_IRQHandler</a> from startup_stm32f103c8tx.o(.text) referenced from startup_stm32f103c8tx.o(RESET)
 <LI><a href="#[27]">TIM1_TRG_COM_IRQHandler</a> from startup_stm32f103c8tx.o(.text) referenced from startup_stm32f103c8tx.o(RESET)
 <LI><a href="#[26]">TIM1_UP_IRQHandler</a> from startup_stm32f103c8tx.o(.text) referenced from startup_stm32f103c8tx.o(RESET)
 <LI><a href="#[29]">TIM2_IRQHandler</a> from startup_stm32f103c8tx.o(.text) referenced from startup_stm32f103c8tx.o(RESET)
 <LI><a href="#[2a]">TIM3_IRQHandler</a> from startup_stm32f103c8tx.o(.text) referenced from startup_stm32f103c8tx.o(RESET)
 <LI><a href="#[2b]">TIM4_IRQHandler</a> from startup_stm32f103c8tx.o(.text) referenced from startup_stm32f103c8tx.o(RESET)
 <LI><a href="#[32]">USART1_IRQHandler</a> from startup_stm32f103c8tx.o(.text) referenced from startup_stm32f103c8tx.o(RESET)
 <LI><a href="#[33]">USART2_IRQHandler</a> from startup_stm32f103c8tx.o(.text) referenced from startup_stm32f103c8tx.o(RESET)
 <LI><a href="#[34]">USART3_IRQHandler</a> from startup_stm32f103c8tx.o(.text) referenced from startup_stm32f103c8tx.o(RESET)
 <LI><a href="#[37]">USBWakeUp_IRQHandler</a> from startup_stm32f103c8tx.o(.text) referenced from startup_stm32f103c8tx.o(RESET)
 <LI><a href="#[20]">USB_HP_CAN1_TX_IRQHandler</a> from startup_stm32f103c8tx.o(.text) referenced from startup_stm32f103c8tx.o(RESET)
 <LI><a href="#[21]">USB_LP_CAN1_RX0_IRQHandler</a> from startup_stm32f103c8tx.o(.text) referenced from startup_stm32f103c8tx.o(RESET)
 <LI><a href="#[8]">UsageFault_Handler</a> from startup_stm32f103c8tx.o(.text) referenced from startup_stm32f103c8tx.o(RESET)
 <LI><a href="#[d]">WWDG_IRQHandler</a> from startup_stm32f103c8tx.o(.text) referenced from startup_stm32f103c8tx.o(RESET)
</UL>
<P>
<H3>
Global Symbols
</H3>
<P><STRONG><a name="[39]"></a>__main</STRONG> (Thumb, 8 bytes, Stack size 0 bytes, __main.o(!!!main))
<BR><BR>[Calls]<UL><LI><a href="#[3c]">&gt;&gt;</a>&nbsp;&nbsp;&nbsp;__rt_entry
<LI><a href="#[3b]">&gt;&gt;</a>&nbsp;&nbsp;&nbsp;__scatterload
</UL>
<BR>[Called By]<UL><LI><a href="#[38]">&gt;&gt;</a>&nbsp;&nbsp;&nbsp;Reset_Handler
</UL>

<P><STRONG><a name="[3b]"></a>__scatterload</STRONG> (Thumb, 0 bytes, Stack size unknown bytes, __scatter.o(!!!scatter))
<BR><BR>[Called By]<UL><LI><a href="#[39]">&gt;&gt;</a>&nbsp;&nbsp;&nbsp;__main
</UL>

<P><STRONG><a name="[3d]"></a>__scatterload_rt2</STRONG> (Thumb, 44 bytes, Stack size unknown bytes, __scatter.o(!!!scatter), UNUSED)
<BR><BR>[Calls]<UL><LI><a href="#[3c]">&gt;&gt;</a>&nbsp;&nbsp;&nbsp;__rt_entry
</UL>

<P><STRONG><a name="[8a]"></a>__scatterload_rt2_thumb_only</STRONG> (Thumb, 0 bytes, Stack size unknown bytes, __scatter.o(!!!scatter), UNUSED)

<P><STRONG><a name="[8b]"></a>__scatterload_null</STRONG> (Thumb, 0 bytes, Stack size unknown bytes, __scatter.o(!!!scatter), UNUSED)

<P><STRONG><a name="[3e]"></a>__scatterload_copy</STRONG> (Thumb, 26 bytes, Stack size unknown bytes, __scatter_copy.o(!!handler_copy), UNUSED)
<BR><BR>[Calls]<UL><LI><a href="#[3e]">&gt;&gt;</a>&nbsp;&nbsp;&nbsp;__scatterload_copy
</UL>
<BR>[Called By]<UL><LI><a href="#[3e]">&gt;&gt;</a>&nbsp;&nbsp;&nbsp;__scatterload_copy
</UL>

<P><STRONG><a name="[8c]"></a>__scatterload_zeroinit</STRONG> (Thumb, 28 bytes, Stack size unknown bytes, __scatter_zi.o(!!handler_zi), UNUSED)

<P><STRONG><a name="[42]"></a>__rt_lib_init</STRONG> (Thumb, 0 bytes, Stack size unknown bytes, libinit.o(.ARM.Collect$$libinit$$00000000))
<BR><BR>[Called By]<UL><LI><a href="#[41]">&gt;&gt;</a>&nbsp;&nbsp;&nbsp;__rt_entry_li
</UL>

<P><STRONG><a name="[8d]"></a>__rt_lib_init_alloca_1</STRONG> (Thumb, 0 bytes, Stack size unknown bytes, libinit2.o(.ARM.Collect$$libinit$$0000002E))

<P><STRONG><a name="[8e]"></a>__rt_lib_init_argv_1</STRONG> (Thumb, 0 bytes, Stack size unknown bytes, libinit2.o(.ARM.Collect$$libinit$$0000002C))

<P><STRONG><a name="[8f]"></a>__rt_lib_init_atexit_1</STRONG> (Thumb, 0 bytes, Stack size unknown bytes, libinit2.o(.ARM.Collect$$libinit$$0000001B))

<P><STRONG><a name="[90]"></a>__rt_lib_init_clock_1</STRONG> (Thumb, 0 bytes, Stack size unknown bytes, libinit2.o(.ARM.Collect$$libinit$$00000021))

<P><STRONG><a name="[91]"></a>__rt_lib_init_cpp_1</STRONG> (Thumb, 0 bytes, Stack size unknown bytes, libinit2.o(.ARM.Collect$$libinit$$00000032))

<P><STRONG><a name="[92]"></a>__rt_lib_init_exceptions_1</STRONG> (Thumb, 0 bytes, Stack size unknown bytes, libinit2.o(.ARM.Collect$$libinit$$00000030))

<P><STRONG><a name="[93]"></a>__rt_lib_init_fp_1</STRONG> (Thumb, 0 bytes, Stack size unknown bytes, libinit2.o(.ARM.Collect$$libinit$$00000002))

<P><STRONG><a name="[94]"></a>__rt_lib_init_fp_trap_1</STRONG> (Thumb, 0 bytes, Stack size unknown bytes, libinit2.o(.ARM.Collect$$libinit$$0000001F))

<P><STRONG><a name="[95]"></a>__rt_lib_init_getenv_1</STRONG> (Thumb, 0 bytes, Stack size unknown bytes, libinit2.o(.ARM.Collect$$libinit$$00000023))

<P><STRONG><a name="[96]"></a>__rt_lib_init_heap_1</STRONG> (Thumb, 0 bytes, Stack size unknown bytes, libinit2.o(.ARM.Collect$$libinit$$0000000A))

<P><STRONG><a name="[97]"></a>__rt_lib_init_lc_collate_1</STRONG> (Thumb, 0 bytes, Stack size unknown bytes, libinit2.o(.ARM.Collect$$libinit$$00000011))

<P><STRONG><a name="[98]"></a>__rt_lib_init_lc_ctype_1</STRONG> (Thumb, 0 bytes, Stack size unknown bytes, libinit2.o(.ARM.Collect$$libinit$$00000013))

<P><STRONG><a name="[99]"></a>__rt_lib_init_lc_monetary_1</STRONG> (Thumb, 0 bytes, Stack size unknown bytes, libinit2.o(.ARM.Collect$$libinit$$00000015))

<P><STRONG><a name="[9a]"></a>__rt_lib_init_lc_numeric_1</STRONG> (Thumb, 0 bytes, Stack size unknown bytes, libinit2.o(.ARM.Collect$$libinit$$00000017))

<P><STRONG><a name="[9b]"></a>__rt_lib_init_lc_time_1</STRONG> (Thumb, 0 bytes, Stack size unknown bytes, libinit2.o(.ARM.Collect$$libinit$$00000019))

<P><STRONG><a name="[9c]"></a>__rt_lib_init_preinit_1</STRONG> (Thumb, 0 bytes, Stack size unknown bytes, libinit2.o(.ARM.Collect$$libinit$$00000004))

<P><STRONG><a name="[9d]"></a>__rt_lib_init_rand_1</STRONG> (Thumb, 0 bytes, Stack size unknown bytes, libinit2.o(.ARM.Collect$$libinit$$0000000E))

<P><STRONG><a name="[9e]"></a>__rt_lib_init_return</STRONG> (Thumb, 0 bytes, Stack size unknown bytes, libinit2.o(.ARM.Collect$$libinit$$00000033))

<P><STRONG><a name="[9f]"></a>__rt_lib_init_signal_1</STRONG> (Thumb, 0 bytes, Stack size unknown bytes, libinit2.o(.ARM.Collect$$libinit$$0000001D))

<P><STRONG><a name="[a0]"></a>__rt_lib_init_stdio_1</STRONG> (Thumb, 0 bytes, Stack size unknown bytes, libinit2.o(.ARM.Collect$$libinit$$00000025))

<P><STRONG><a name="[a1]"></a>__rt_lib_init_user_alloc_1</STRONG> (Thumb, 0 bytes, Stack size unknown bytes, libinit2.o(.ARM.Collect$$libinit$$0000000C))

<P><STRONG><a name="[47]"></a>__rt_lib_shutdown</STRONG> (Thumb, 0 bytes, Stack size unknown bytes, libshutdown.o(.ARM.Collect$$libshutdown$$00000000))
<BR><BR>[Called By]<UL><LI><a href="#[46]">&gt;&gt;</a>&nbsp;&nbsp;&nbsp;__rt_exit_ls
</UL>

<P><STRONG><a name="[a2]"></a>__rt_lib_shutdown_cpp_1</STRONG> (Thumb, 0 bytes, Stack size unknown bytes, libshutdown2.o(.ARM.Collect$$libshutdown$$00000002))

<P><STRONG><a name="[a3]"></a>__rt_lib_shutdown_fp_trap_1</STRONG> (Thumb, 0 bytes, Stack size unknown bytes, libshutdown2.o(.ARM.Collect$$libshutdown$$00000007))

<P><STRONG><a name="[a4]"></a>__rt_lib_shutdown_heap_1</STRONG> (Thumb, 0 bytes, Stack size unknown bytes, libshutdown2.o(.ARM.Collect$$libshutdown$$0000000F))

<P><STRONG><a name="[a5]"></a>__rt_lib_shutdown_return</STRONG> (Thumb, 0 bytes, Stack size unknown bytes, libshutdown2.o(.ARM.Collect$$libshutdown$$00000010))

<P><STRONG><a name="[a6]"></a>__rt_lib_shutdown_signal_1</STRONG> (Thumb, 0 bytes, Stack size unknown bytes, libshutdown2.o(.ARM.Collect$$libshutdown$$0000000A))

<P><STRONG><a name="[a7]"></a>__rt_lib_shutdown_stdio_1</STRONG> (Thumb, 0 bytes, Stack size unknown bytes, libshutdown2.o(.ARM.Collect$$libshutdown$$00000004))

<P><STRONG><a name="[a8]"></a>__rt_lib_shutdown_user_alloc_1</STRONG> (Thumb, 0 bytes, Stack size unknown bytes, libshutdown2.o(.ARM.Collect$$libshutdown$$0000000C))

<P><STRONG><a name="[3c]"></a>__rt_entry</STRONG> (Thumb, 0 bytes, Stack size unknown bytes, __rtentry.o(.ARM.Collect$$rtentry$$00000000))
<BR><BR>[Called By]<UL><LI><a href="#[39]">&gt;&gt;</a>&nbsp;&nbsp;&nbsp;__main
<LI><a href="#[3d]">&gt;&gt;</a>&nbsp;&nbsp;&nbsp;__scatterload_rt2
</UL>

<P><STRONG><a name="[a9]"></a>__rt_entry_presh_1</STRONG> (Thumb, 0 bytes, Stack size unknown bytes, __rtentry2.o(.ARM.Collect$$rtentry$$00000002))

<P><STRONG><a name="[3f]"></a>__rt_entry_sh</STRONG> (Thumb, 0 bytes, Stack size unknown bytes, __rtentry4.o(.ARM.Collect$$rtentry$$00000004))
<BR><BR>[Stack]<UL><LI>Max Depth = 8 + Unknown Stack Size
<LI>Call Chain = __rt_entry_sh &rArr; __user_setup_stackheap
</UL>
<BR>[Calls]<UL><LI><a href="#[40]">&gt;&gt;</a>&nbsp;&nbsp;&nbsp;__user_setup_stackheap
</UL>

<P><STRONG><a name="[41]"></a>__rt_entry_li</STRONG> (Thumb, 0 bytes, Stack size unknown bytes, __rtentry2.o(.ARM.Collect$$rtentry$$0000000A))
<BR><BR>[Calls]<UL><LI><a href="#[42]">&gt;&gt;</a>&nbsp;&nbsp;&nbsp;__rt_lib_init
</UL>

<P><STRONG><a name="[aa]"></a>__rt_entry_postsh_1</STRONG> (Thumb, 0 bytes, Stack size unknown bytes, __rtentry2.o(.ARM.Collect$$rtentry$$00000009))

<P><STRONG><a name="[43]"></a>__rt_entry_main</STRONG> (Thumb, 0 bytes, Stack size unknown bytes, __rtentry2.o(.ARM.Collect$$rtentry$$0000000D))
<BR><BR>[Stack]<UL><LI>Max Depth = 168 + Unknown Stack Size
<LI>Call Chain = __rt_entry_main &rArr; main &rArr; Maze_Task &rArr; Maze_TurnBack &rArr; Maze_PostTurnForwardIfClear &rArr; Maze_GoForwardChecked &rArr; Maze_ReadSensorState &rArr; Maze_SendStatusNow &rArr; UART1_SendRobotStatus &rArr; UART1_SendSignedPwm &rArr; UART1_SendUint
</UL>
<BR>[Calls]<UL><LI><a href="#[45]">&gt;&gt;</a>&nbsp;&nbsp;&nbsp;exit
<LI><a href="#[44]">&gt;&gt;</a>&nbsp;&nbsp;&nbsp;main
</UL>

<P><STRONG><a name="[ab]"></a>__rt_entry_postli_1</STRONG> (Thumb, 0 bytes, Stack size unknown bytes, __rtentry2.o(.ARM.Collect$$rtentry$$0000000C))

<P><STRONG><a name="[4c]"></a>__rt_exit</STRONG> (Thumb, 0 bytes, Stack size unknown bytes, rtexit.o(.ARM.Collect$$rtexit$$00000000))
<BR><BR>[Called By]<UL><LI><a href="#[45]">&gt;&gt;</a>&nbsp;&nbsp;&nbsp;exit
</UL>

<P><STRONG><a name="[46]"></a>__rt_exit_ls</STRONG> (Thumb, 0 bytes, Stack size unknown bytes, rtexit2.o(.ARM.Collect$$rtexit$$00000003))
<BR><BR>[Calls]<UL><LI><a href="#[47]">&gt;&gt;</a>&nbsp;&nbsp;&nbsp;__rt_lib_shutdown
</UL>

<P><STRONG><a name="[ac]"></a>__rt_exit_prels_1</STRONG> (Thumb, 0 bytes, Stack size unknown bytes, rtexit2.o(.ARM.Collect$$rtexit$$00000002))

<P><STRONG><a name="[48]"></a>__rt_exit_exit</STRONG> (Thumb, 0 bytes, Stack size unknown bytes, rtexit2.o(.ARM.Collect$$rtexit$$00000004))
<BR><BR>[Calls]<UL><LI><a href="#[49]">&gt;&gt;</a>&nbsp;&nbsp;&nbsp;_sys_exit
</UL>

<P><STRONG><a name="[38]"></a>Reset_Handler</STRONG> (Thumb, 8 bytes, Stack size 0 bytes, startup_stm32f103c8tx.o(.text))
<BR><BR>[Calls]<UL><LI><a href="#[39]">&gt;&gt;</a>&nbsp;&nbsp;&nbsp;__main
<LI><a href="#[4a]">&gt;&gt;</a>&nbsp;&nbsp;&nbsp;SystemInit
</UL>

<P><STRONG><a name="[1f]"></a>ADC1_2_IRQHandler</STRONG> (Thumb, 0 bytes, Stack size 0 bytes, startup_stm32f103c8tx.o(.text))
<BR><BR>[Calls]<UL><LI><a href="#[1f]">&gt;&gt;</a>&nbsp;&nbsp;&nbsp;ADC1_2_IRQHandler
</UL>
<BR>[Called By]<UL><LI><a href="#[1f]">&gt;&gt;</a>&nbsp;&nbsp;&nbsp;ADC1_2_IRQHandler
</UL>
<BR>[Address Reference Count : 1]<UL><LI> startup_stm32f103c8tx.o(RESET)
</UL>
<P><STRONG><a name="[7]"></a>BusFault_Handler</STRONG> (Thumb, 0 bytes, Stack size 0 bytes, startup_stm32f103c8tx.o(.text))
<BR>[Address Reference Count : 1]<UL><LI> startup_stm32f103c8tx.o(RESET)
</UL>
<P><STRONG><a name="[22]"></a>CAN1_RX1_IRQHandler</STRONG> (Thumb, 0 bytes, Stack size 0 bytes, startup_stm32f103c8tx.o(.text))
<BR>[Address Reference Count : 1]<UL><LI> startup_stm32f103c8tx.o(RESET)
</UL>
<P><STRONG><a name="[23]"></a>CAN1_SCE_IRQHandler</STRONG> (Thumb, 0 bytes, Stack size 0 bytes, startup_stm32f103c8tx.o(.text))
<BR>[Address Reference Count : 1]<UL><LI> startup_stm32f103c8tx.o(RESET)
</UL>
<P><STRONG><a name="[18]"></a>DMA1_Channel1_IRQHandler</STRONG> (Thumb, 0 bytes, Stack size 0 bytes, startup_stm32f103c8tx.o(.text))
<BR>[Address Reference Count : 1]<UL><LI> startup_stm32f103c8tx.o(RESET)
</UL>
<P><STRONG><a name="[19]"></a>DMA1_Channel2_IRQHandler</STRONG> (Thumb, 0 bytes, Stack size 0 bytes, startup_stm32f103c8tx.o(.text))
<BR>[Address Reference Count : 1]<UL><LI> startup_stm32f103c8tx.o(RESET)
</UL>
<P><STRONG><a name="[1a]"></a>DMA1_Channel3_IRQHandler</STRONG> (Thumb, 0 bytes, Stack size 0 bytes, startup_stm32f103c8tx.o(.text))
<BR>[Address Reference Count : 1]<UL><LI> startup_stm32f103c8tx.o(RESET)
</UL>
<P><STRONG><a name="[1b]"></a>DMA1_Channel4_IRQHandler</STRONG> (Thumb, 0 bytes, Stack size 0 bytes, startup_stm32f103c8tx.o(.text))
<BR>[Address Reference Count : 1]<UL><LI> startup_stm32f103c8tx.o(RESET)
</UL>
<P><STRONG><a name="[1c]"></a>DMA1_Channel5_IRQHandler</STRONG> (Thumb, 0 bytes, Stack size 0 bytes, startup_stm32f103c8tx.o(.text))
<BR>[Address Reference Count : 1]<UL><LI> startup_stm32f103c8tx.o(RESET)
</UL>
<P><STRONG><a name="[1d]"></a>DMA1_Channel6_IRQHandler</STRONG> (Thumb, 0 bytes, Stack size 0 bytes, startup_stm32f103c8tx.o(.text))
<BR>[Address Reference Count : 1]<UL><LI> startup_stm32f103c8tx.o(RESET)
</UL>
<P><STRONG><a name="[1e]"></a>DMA1_Channel7_IRQHandler</STRONG> (Thumb, 0 bytes, Stack size 0 bytes, startup_stm32f103c8tx.o(.text))
<BR>[Address Reference Count : 1]<UL><LI> startup_stm32f103c8tx.o(RESET)
</UL>
<P><STRONG><a name="[a]"></a>DebugMon_Handler</STRONG> (Thumb, 0 bytes, Stack size 0 bytes, startup_stm32f103c8tx.o(.text))
<BR>[Address Reference Count : 1]<UL><LI> startup_stm32f103c8tx.o(RESET)
</UL>
<P><STRONG><a name="[13]"></a>EXTI0_IRQHandler</STRONG> (Thumb, 0 bytes, Stack size 0 bytes, startup_stm32f103c8tx.o(.text))
<BR>[Address Reference Count : 1]<UL><LI> startup_stm32f103c8tx.o(RESET)
</UL>
<P><STRONG><a name="[35]"></a>EXTI15_10_IRQHandler</STRONG> (Thumb, 0 bytes, Stack size 0 bytes, startup_stm32f103c8tx.o(.text))
<BR>[Address Reference Count : 1]<UL><LI> startup_stm32f103c8tx.o(RESET)
</UL>
<P><STRONG><a name="[14]"></a>EXTI1_IRQHandler</STRONG> (Thumb, 0 bytes, Stack size 0 bytes, startup_stm32f103c8tx.o(.text))
<BR>[Address Reference Count : 1]<UL><LI> startup_stm32f103c8tx.o(RESET)
</UL>
<P><STRONG><a name="[15]"></a>EXTI2_IRQHandler</STRONG> (Thumb, 0 bytes, Stack size 0 bytes, startup_stm32f103c8tx.o(.text))
<BR>[Address Reference Count : 1]<UL><LI> startup_stm32f103c8tx.o(RESET)
</UL>
<P><STRONG><a name="[16]"></a>EXTI3_IRQHandler</STRONG> (Thumb, 0 bytes, Stack size 0 bytes, startup_stm32f103c8tx.o(.text))
<BR>[Address Reference Count : 1]<UL><LI> startup_stm32f103c8tx.o(RESET)
</UL>
<P><STRONG><a name="[17]"></a>EXTI4_IRQHandler</STRONG> (Thumb, 0 bytes, Stack size 0 bytes, startup_stm32f103c8tx.o(.text))
<BR>[Address Reference Count : 1]<UL><LI> startup_stm32f103c8tx.o(RESET)
</UL>
<P><STRONG><a name="[24]"></a>EXTI9_5_IRQHandler</STRONG> (Thumb, 0 bytes, Stack size 0 bytes, startup_stm32f103c8tx.o(.text))
<BR>[Address Reference Count : 1]<UL><LI> startup_stm32f103c8tx.o(RESET)
</UL>
<P><STRONG><a name="[11]"></a>FLASH_IRQHandler</STRONG> (Thumb, 0 bytes, Stack size 0 bytes, startup_stm32f103c8tx.o(.text))
<BR>[Address Reference Count : 1]<UL><LI> startup_stm32f103c8tx.o(RESET)
</UL>
<P><STRONG><a name="[5]"></a>HardFault_Handler</STRONG> (Thumb, 0 bytes, Stack size 0 bytes, startup_stm32f103c8tx.o(.text))
<BR>[Address Reference Count : 1]<UL><LI> startup_stm32f103c8tx.o(RESET)
</UL>
<P><STRONG><a name="[2d]"></a>I2C1_ER_IRQHandler</STRONG> (Thumb, 0 bytes, Stack size 0 bytes, startup_stm32f103c8tx.o(.text))
<BR>[Address Reference Count : 1]<UL><LI> startup_stm32f103c8tx.o(RESET)
</UL>
<P><STRONG><a name="[2c]"></a>I2C1_EV_IRQHandler</STRONG> (Thumb, 0 bytes, Stack size 0 bytes, startup_stm32f103c8tx.o(.text))
<BR>[Address Reference Count : 1]<UL><LI> startup_stm32f103c8tx.o(RESET)
</UL>
<P><STRONG><a name="[2f]"></a>I2C2_ER_IRQHandler</STRONG> (Thumb, 0 bytes, Stack size 0 bytes, startup_stm32f103c8tx.o(.text))
<BR>[Address Reference Count : 1]<UL><LI> startup_stm32f103c8tx.o(RESET)
</UL>
<P><STRONG><a name="[2e]"></a>I2C2_EV_IRQHandler</STRONG> (Thumb, 0 bytes, Stack size 0 bytes, startup_stm32f103c8tx.o(.text))
<BR>[Address Reference Count : 1]<UL><LI> startup_stm32f103c8tx.o(RESET)
</UL>
<P><STRONG><a name="[6]"></a>MemManage_Handler</STRONG> (Thumb, 0 bytes, Stack size 0 bytes, startup_stm32f103c8tx.o(.text))
<BR>[Address Reference Count : 1]<UL><LI> startup_stm32f103c8tx.o(RESET)
</UL>
<P><STRONG><a name="[4]"></a>NMI_Handler</STRONG> (Thumb, 0 bytes, Stack size 0 bytes, startup_stm32f103c8tx.o(.text))
<BR>[Address Reference Count : 1]<UL><LI> startup_stm32f103c8tx.o(RESET)
</UL>
<P><STRONG><a name="[e]"></a>PVD_IRQHandler</STRONG> (Thumb, 0 bytes, Stack size 0 bytes, startup_stm32f103c8tx.o(.text))
<BR>[Address Reference Count : 1]<UL><LI> startup_stm32f103c8tx.o(RESET)
</UL>
<P><STRONG><a name="[b]"></a>PendSV_Handler</STRONG> (Thumb, 0 bytes, Stack size 0 bytes, startup_stm32f103c8tx.o(.text))
<BR>[Address Reference Count : 1]<UL><LI> startup_stm32f103c8tx.o(RESET)
</UL>
<P><STRONG><a name="[12]"></a>RCC_IRQHandler</STRONG> (Thumb, 0 bytes, Stack size 0 bytes, startup_stm32f103c8tx.o(.text))
<BR>[Address Reference Count : 1]<UL><LI> startup_stm32f103c8tx.o(RESET)
</UL>
<P><STRONG><a name="[36]"></a>RTCAlarm_IRQHandler</STRONG> (Thumb, 0 bytes, Stack size 0 bytes, startup_stm32f103c8tx.o(.text))
<BR>[Address Reference Count : 1]<UL><LI> startup_stm32f103c8tx.o(RESET)
</UL>
<P><STRONG><a name="[10]"></a>RTC_IRQHandler</STRONG> (Thumb, 0 bytes, Stack size 0 bytes, startup_stm32f103c8tx.o(.text))
<BR>[Address Reference Count : 1]<UL><LI> startup_stm32f103c8tx.o(RESET)
</UL>
<P><STRONG><a name="[30]"></a>SPI1_IRQHandler</STRONG> (Thumb, 0 bytes, Stack size 0 bytes, startup_stm32f103c8tx.o(.text))
<BR>[Address Reference Count : 1]<UL><LI> startup_stm32f103c8tx.o(RESET)
</UL>
<P><STRONG><a name="[31]"></a>SPI2_IRQHandler</STRONG> (Thumb, 0 bytes, Stack size 0 bytes, startup_stm32f103c8tx.o(.text))
<BR>[Address Reference Count : 1]<UL><LI> startup_stm32f103c8tx.o(RESET)
</UL>
<P><STRONG><a name="[9]"></a>SVC_Handler</STRONG> (Thumb, 0 bytes, Stack size 0 bytes, startup_stm32f103c8tx.o(.text))
<BR>[Address Reference Count : 1]<UL><LI> startup_stm32f103c8tx.o(RESET)
</UL>
<P><STRONG><a name="[c]"></a>SysTick_Handler</STRONG> (Thumb, 0 bytes, Stack size 0 bytes, startup_stm32f103c8tx.o(.text))
<BR>[Address Reference Count : 1]<UL><LI> startup_stm32f103c8tx.o(RESET)
</UL>
<P><STRONG><a name="[f]"></a>TAMPER_IRQHandler</STRONG> (Thumb, 0 bytes, Stack size 0 bytes, startup_stm32f103c8tx.o(.text))
<BR>[Address Reference Count : 1]<UL><LI> startup_stm32f103c8tx.o(RESET)
</UL>
<P><STRONG><a name="[25]"></a>TIM1_BRK_IRQHandler</STRONG> (Thumb, 0 bytes, Stack size 0 bytes, startup_stm32f103c8tx.o(.text))
<BR>[Address Reference Count : 1]<UL><LI> startup_stm32f103c8tx.o(RESET)
</UL>
<P><STRONG><a name="[28]"></a>TIM1_CC_IRQHandler</STRONG> (Thumb, 0 bytes, Stack size 0 bytes, startup_stm32f103c8tx.o(.text))
<BR>[Address Reference Count : 1]<UL><LI> startup_stm32f103c8tx.o(RESET)
</UL>
<P><STRONG><a name="[27]"></a>TIM1_TRG_COM_IRQHandler</STRONG> (Thumb, 0 bytes, Stack size 0 bytes, startup_stm32f103c8tx.o(.text))
<BR>[Address Reference Count : 1]<UL><LI> startup_stm32f103c8tx.o(RESET)
</UL>
<P><STRONG><a name="[26]"></a>TIM1_UP_IRQHandler</STRONG> (Thumb, 0 bytes, Stack size 0 bytes, startup_stm32f103c8tx.o(.text))
<BR>[Address Reference Count : 1]<UL><LI> startup_stm32f103c8tx.o(RESET)
</UL>
<P><STRONG><a name="[29]"></a>TIM2_IRQHandler</STRONG> (Thumb, 0 bytes, Stack size 0 bytes, startup_stm32f103c8tx.o(.text))
<BR>[Address Reference Count : 1]<UL><LI> startup_stm32f103c8tx.o(RESET)
</UL>
<P><STRONG><a name="[2a]"></a>TIM3_IRQHandler</STRONG> (Thumb, 0 bytes, Stack size 0 bytes, startup_stm32f103c8tx.o(.text))
<BR>[Address Reference Count : 1]<UL><LI> startup_stm32f103c8tx.o(RESET)
</UL>
<P><STRONG><a name="[2b]"></a>TIM4_IRQHandler</STRONG> (Thumb, 0 bytes, Stack size 0 bytes, startup_stm32f103c8tx.o(.text))
<BR>[Address Reference Count : 1]<UL><LI> startup_stm32f103c8tx.o(RESET)
</UL>
<P><STRONG><a name="[32]"></a>USART1_IRQHandler</STRONG> (Thumb, 0 bytes, Stack size 0 bytes, startup_stm32f103c8tx.o(.text))
<BR>[Address Reference Count : 1]<UL><LI> startup_stm32f103c8tx.o(RESET)
</UL>
<P><STRONG><a name="[33]"></a>USART2_IRQHandler</STRONG> (Thumb, 0 bytes, Stack size 0 bytes, startup_stm32f103c8tx.o(.text))
<BR>[Address Reference Count : 1]<UL><LI> startup_stm32f103c8tx.o(RESET)
</UL>
<P><STRONG><a name="[34]"></a>USART3_IRQHandler</STRONG> (Thumb, 0 bytes, Stack size 0 bytes, startup_stm32f103c8tx.o(.text))
<BR>[Address Reference Count : 1]<UL><LI> startup_stm32f103c8tx.o(RESET)
</UL>
<P><STRONG><a name="[37]"></a>USBWakeUp_IRQHandler</STRONG> (Thumb, 0 bytes, Stack size 0 bytes, startup_stm32f103c8tx.o(.text))
<BR>[Address Reference Count : 1]<UL><LI> startup_stm32f103c8tx.o(RESET)
</UL>
<P><STRONG><a name="[20]"></a>USB_HP_CAN1_TX_IRQHandler</STRONG> (Thumb, 0 bytes, Stack size 0 bytes, startup_stm32f103c8tx.o(.text))
<BR>[Address Reference Count : 1]<UL><LI> startup_stm32f103c8tx.o(RESET)
</UL>
<P><STRONG><a name="[21]"></a>USB_LP_CAN1_RX0_IRQHandler</STRONG> (Thumb, 0 bytes, Stack size 0 bytes, startup_stm32f103c8tx.o(.text))
<BR>[Address Reference Count : 1]<UL><LI> startup_stm32f103c8tx.o(RESET)
</UL>
<P><STRONG><a name="[8]"></a>UsageFault_Handler</STRONG> (Thumb, 0 bytes, Stack size 0 bytes, startup_stm32f103c8tx.o(.text))
<BR>[Address Reference Count : 1]<UL><LI> startup_stm32f103c8tx.o(RESET)
</UL>
<P><STRONG><a name="[d]"></a>WWDG_IRQHandler</STRONG> (Thumb, 0 bytes, Stack size 0 bytes, startup_stm32f103c8tx.o(.text))
<BR>[Address Reference Count : 1]<UL><LI> startup_stm32f103c8tx.o(RESET)
</UL>
<P><STRONG><a name="[3a]"></a>__user_initial_stackheap</STRONG> (Thumb, 10 bytes, Stack size 0 bytes, startup_stm32f103c8tx.o(.text))
<BR><BR>[Called By]<UL><LI><a href="#[40]">&gt;&gt;</a>&nbsp;&nbsp;&nbsp;__user_setup_stackheap
</UL>

<P><STRONG><a name="[ad]"></a>__use_two_region_memory</STRONG> (Thumb, 2 bytes, Stack size 0 bytes, heapauxi.o(.text), UNUSED)

<P><STRONG><a name="[ae]"></a>__rt_heap_escrow$2region</STRONG> (Thumb, 2 bytes, Stack size 0 bytes, heapauxi.o(.text), UNUSED)

<P><STRONG><a name="[af]"></a>__rt_heap_expand$2region</STRONG> (Thumb, 2 bytes, Stack size 0 bytes, heapauxi.o(.text), UNUSED)

<P><STRONG><a name="[40]"></a>__user_setup_stackheap</STRONG> (Thumb, 74 bytes, Stack size 8 bytes, sys_stackheap_outer.o(.text))
<BR><BR>[Stack]<UL><LI>Max Depth = 8<LI>Call Chain = __user_setup_stackheap
</UL>
<BR>[Calls]<UL><LI><a href="#[4b]">&gt;&gt;</a>&nbsp;&nbsp;&nbsp;__user_perproc_libspace
<LI><a href="#[3a]">&gt;&gt;</a>&nbsp;&nbsp;&nbsp;__user_initial_stackheap
</UL>
<BR>[Called By]<UL><LI><a href="#[3f]">&gt;&gt;</a>&nbsp;&nbsp;&nbsp;__rt_entry_sh
</UL>

<P><STRONG><a name="[45]"></a>exit</STRONG> (Thumb, 18 bytes, Stack size 8 bytes, exit.o(.text))
<BR><BR>[Stack]<UL><LI>Max Depth = 8 + Unknown Stack Size
<LI>Call Chain = exit
</UL>
<BR>[Calls]<UL><LI><a href="#[4c]">&gt;&gt;</a>&nbsp;&nbsp;&nbsp;__rt_exit
</UL>
<BR>[Called By]<UL><LI><a href="#[43]">&gt;&gt;</a>&nbsp;&nbsp;&nbsp;__rt_entry_main
</UL>

<P><STRONG><a name="[b0]"></a>__user_libspace</STRONG> (Thumb, 8 bytes, Stack size 0 bytes, libspace.o(.text), UNUSED)

<P><STRONG><a name="[4b]"></a>__user_perproc_libspace</STRONG> (Thumb, 0 bytes, Stack size 0 bytes, libspace.o(.text))
<BR><BR>[Called By]<UL><LI><a href="#[40]">&gt;&gt;</a>&nbsp;&nbsp;&nbsp;__user_setup_stackheap
</UL>

<P><STRONG><a name="[b1]"></a>__user_perthread_libspace</STRONG> (Thumb, 0 bytes, Stack size 0 bytes, libspace.o(.text), UNUSED)

<P><STRONG><a name="[49]"></a>_sys_exit</STRONG> (Thumb, 8 bytes, Stack size 0 bytes, sys_exit.o(.text))
<BR><BR>[Called By]<UL><LI><a href="#[48]">&gt;&gt;</a>&nbsp;&nbsp;&nbsp;__rt_exit_exit
</UL>

<P><STRONG><a name="[b2]"></a>__I$use$semihosting</STRONG> (Thumb, 0 bytes, Stack size 0 bytes, use_no_semi.o(.text), UNUSED)

<P><STRONG><a name="[b3]"></a>__use_no_semihosting_swi</STRONG> (Thumb, 2 bytes, Stack size 0 bytes, use_no_semi.o(.text), UNUSED)

<P><STRONG><a name="[b4]"></a>__semihosting_library_function</STRONG> (Thumb, 0 bytes, Stack size unknown bytes, indicate_semi.o(.text), UNUSED)

<P><STRONG><a name="[4f]"></a>Delay_GetMicros16</STRONG> (Thumb, 8 bytes, Stack size 0 bytes, delay.o(i.Delay_GetMicros16))
<BR><BR>[Called By]<UL><LI><a href="#[87]">&gt;&gt;</a>&nbsp;&nbsp;&nbsp;Ultrasonic_WaitForTriggerInterval
<LI><a href="#[88]">&gt;&gt;</a>&nbsp;&nbsp;&nbsp;Ultrasonic_WaitEchoLevel
<LI><a href="#[86]">&gt;&gt;</a>&nbsp;&nbsp;&nbsp;Ultrasonic_ReadRawCm
<LI><a href="#[4e]">&gt;&gt;</a>&nbsp;&nbsp;&nbsp;Delay_us
</UL>

<P><STRONG><a name="[89]"></a>Delay_Init</STRONG> (Thumb, 62 bytes, Stack size 0 bytes, delay.o(i.Delay_Init))
<BR><BR>[Called By]<UL><LI><a href="#[44]">&gt;&gt;</a>&nbsp;&nbsp;&nbsp;main
</UL>

<P><STRONG><a name="[4d]"></a>Delay_ms</STRONG> (Thumb, 24 bytes, Stack size 4 bytes, delay.o(i.Delay_ms))
<BR><BR>[Stack]<UL><LI>Max Depth = 8<LI>Call Chain = Delay_ms &rArr; Delay_us
</UL>
<BR>[Calls]<UL><LI><a href="#[4e]">&gt;&gt;</a>&nbsp;&nbsp;&nbsp;Delay_us
</UL>
<BR>[Called By]<UL><LI><a href="#[54]">&gt;&gt;</a>&nbsp;&nbsp;&nbsp;IR_ReadBlockedDebounced
<LI><a href="#[5a]">&gt;&gt;</a>&nbsp;&nbsp;&nbsp;Maze_DelayWithUart
<LI><a href="#[44]">&gt;&gt;</a>&nbsp;&nbsp;&nbsp;main
</UL>

<P><STRONG><a name="[4e]"></a>Delay_us</STRONG> (Thumb, 26 bytes, Stack size 4 bytes, delay.o(i.Delay_us))
<BR><BR>[Stack]<UL><LI>Max Depth = 4<LI>Call Chain = Delay_us
</UL>
<BR>[Calls]<UL><LI><a href="#[4f]">&gt;&gt;</a>&nbsp;&nbsp;&nbsp;Delay_GetMicros16
</UL>
<BR>[Called By]<UL><LI><a href="#[86]">&gt;&gt;</a>&nbsp;&nbsp;&nbsp;Ultrasonic_ReadRawCm
<LI><a href="#[4d]">&gt;&gt;</a>&nbsp;&nbsp;&nbsp;Delay_ms
</UL>

<P><STRONG><a name="[51]"></a>GPIO_ConfigPin</STRONG> (Thumb, 52 bytes, Stack size 16 bytes, bsp_gpio.o(i.GPIO_ConfigPin))
<BR><BR>[Stack]<UL><LI>Max Depth = 16<LI>Call Chain = GPIO_ConfigPin
</UL>
<BR>[Called By]<UL><LI><a href="#[85]">&gt;&gt;</a>&nbsp;&nbsp;&nbsp;Ultrasonic_Init
<LI><a href="#[7e]">&gt;&gt;</a>&nbsp;&nbsp;&nbsp;UART1_Init
<LI><a href="#[78]">&gt;&gt;</a>&nbsp;&nbsp;&nbsp;Motor_Init
<LI><a href="#[50]">&gt;&gt;</a>&nbsp;&nbsp;&nbsp;IR_Init
</UL>

<P><STRONG><a name="[55]"></a>GPIO_ReadPin</STRONG> (Thumb, 20 bytes, Stack size 0 bytes, bsp_gpio.o(i.GPIO_ReadPin))
<BR><BR>[Called By]<UL><LI><a href="#[54]">&gt;&gt;</a>&nbsp;&nbsp;&nbsp;IR_ReadBlockedDebounced
<LI><a href="#[88]">&gt;&gt;</a>&nbsp;&nbsp;&nbsp;Ultrasonic_WaitEchoLevel
<LI><a href="#[86]">&gt;&gt;</a>&nbsp;&nbsp;&nbsp;Ultrasonic_ReadRawCm
</UL>

<P><STRONG><a name="[7b]"></a>GPIO_ResetPin</STRONG> (Thumb, 8 bytes, Stack size 0 bytes, bsp_gpio.o(i.GPIO_ResetPin))
<BR><BR>[Called By]<UL><LI><a href="#[86]">&gt;&gt;</a>&nbsp;&nbsp;&nbsp;Ultrasonic_ReadRawCm
<LI><a href="#[7c]">&gt;&gt;</a>&nbsp;&nbsp;&nbsp;Motor_SetRightDir
<LI><a href="#[79]">&gt;&gt;</a>&nbsp;&nbsp;&nbsp;Motor_SetLeftDir
<LI><a href="#[85]">&gt;&gt;</a>&nbsp;&nbsp;&nbsp;Ultrasonic_Init
</UL>

<P><STRONG><a name="[52]"></a>GPIO_SetPin</STRONG> (Thumb, 8 bytes, Stack size 0 bytes, bsp_gpio.o(i.GPIO_SetPin))
<BR><BR>[Called By]<UL><LI><a href="#[86]">&gt;&gt;</a>&nbsp;&nbsp;&nbsp;Ultrasonic_ReadRawCm
<LI><a href="#[7c]">&gt;&gt;</a>&nbsp;&nbsp;&nbsp;Motor_SetRightDir
<LI><a href="#[79]">&gt;&gt;</a>&nbsp;&nbsp;&nbsp;Motor_SetLeftDir
<LI><a href="#[50]">&gt;&gt;</a>&nbsp;&nbsp;&nbsp;IR_Init
</UL>

<P><STRONG><a name="[50]"></a>IR_Init</STRONG> (Thumb, 52 bytes, Stack size 8 bytes, ir_sensor.o(i.IR_Init))
<BR><BR>[Stack]<UL><LI>Max Depth = 24<LI>Call Chain = IR_Init &rArr; GPIO_ConfigPin
</UL>
<BR>[Calls]<UL><LI><a href="#[52]">&gt;&gt;</a>&nbsp;&nbsp;&nbsp;GPIO_SetPin
<LI><a href="#[51]">&gt;&gt;</a>&nbsp;&nbsp;&nbsp;GPIO_ConfigPin
</UL>
<BR>[Called By]<UL><LI><a href="#[44]">&gt;&gt;</a>&nbsp;&nbsp;&nbsp;main
</UL>

<P><STRONG><a name="[53]"></a>IR_LeftBlocked</STRONG> (Thumb, 12 bytes, Stack size 8 bytes, ir_sensor.o(i.IR_LeftBlocked))
<BR><BR>[Stack]<UL><LI>Max Depth = 40<LI>Call Chain = IR_LeftBlocked &rArr; IR_ReadBlockedDebounced &rArr; Delay_ms &rArr; Delay_us
</UL>
<BR>[Calls]<UL><LI><a href="#[54]">&gt;&gt;</a>&nbsp;&nbsp;&nbsp;IR_ReadBlockedDebounced
</UL>
<BR>[Called By]<UL><LI><a href="#[5e]">&gt;&gt;</a>&nbsp;&nbsp;&nbsp;Maze_ReadSensorState
</UL>

<P><STRONG><a name="[56]"></a>IR_RightBlocked</STRONG> (Thumb, 12 bytes, Stack size 8 bytes, ir_sensor.o(i.IR_RightBlocked))
<BR><BR>[Stack]<UL><LI>Max Depth = 40<LI>Call Chain = IR_RightBlocked &rArr; IR_ReadBlockedDebounced &rArr; Delay_ms &rArr; Delay_us
</UL>
<BR>[Calls]<UL><LI><a href="#[54]">&gt;&gt;</a>&nbsp;&nbsp;&nbsp;IR_ReadBlockedDebounced
</UL>
<BR>[Called By]<UL><LI><a href="#[5e]">&gt;&gt;</a>&nbsp;&nbsp;&nbsp;Maze_ReadSensorState
</UL>

<P><STRONG><a name="[60]"></a>Maze_Init</STRONG> (Thumb, 22 bytes, Stack size 8 bytes, maze.o(i.Maze_Init))
<BR><BR>[Stack]<UL><LI>Max Depth = 56<LI>Call Chain = Maze_Init &rArr; Motor_Stop &rArr; Motor_SetRight &rArr; Motor_SetRightPwm &rArr; Motor_ApplyTrim
</UL>
<BR>[Calls]<UL><LI><a href="#[5f]">&gt;&gt;</a>&nbsp;&nbsp;&nbsp;Motor_Stop
</UL>
<BR>[Called By]<UL><LI><a href="#[44]">&gt;&gt;</a>&nbsp;&nbsp;&nbsp;main
</UL>

<P><STRONG><a name="[5e]"></a>Maze_ReadSensorState</STRONG> (Thumb, 80 bytes, Stack size 16 bytes, maze.o(i.Maze_ReadSensorState))
<BR><BR>[Stack]<UL><LI>Max Depth = 96<LI>Call Chain = Maze_ReadSensorState &rArr; Maze_SendStatusNow &rArr; UART1_SendRobotStatus &rArr; UART1_SendSignedPwm &rArr; UART1_SendUint
</UL>
<BR>[Calls]<UL><LI><a href="#[68]">&gt;&gt;</a>&nbsp;&nbsp;&nbsp;Ultrasonic_ReadFrontCm
<LI><a href="#[69]">&gt;&gt;</a>&nbsp;&nbsp;&nbsp;Ultrasonic_LastReadValid
<LI><a href="#[56]">&gt;&gt;</a>&nbsp;&nbsp;&nbsp;IR_RightBlocked
<LI><a href="#[53]">&gt;&gt;</a>&nbsp;&nbsp;&nbsp;IR_LeftBlocked
<LI><a href="#[6a]">&gt;&gt;</a>&nbsp;&nbsp;&nbsp;Maze_SendStatusNow
</UL>
<BR>[Called By]<UL><LI><a href="#[64]">&gt;&gt;</a>&nbsp;&nbsp;&nbsp;Maze_PostTurnForwardIfClear
<LI><a href="#[59]">&gt;&gt;</a>&nbsp;&nbsp;&nbsp;Maze_GoForwardChecked
<LI><a href="#[6f]">&gt;&gt;</a>&nbsp;&nbsp;&nbsp;Maze_Task
</UL>

<P><STRONG><a name="[6a]"></a>Maze_SendStatusNow</STRONG> (Thumb, 34 bytes, Stack size 24 bytes, maze.o(i.Maze_SendStatusNow))
<BR><BR>[Stack]<UL><LI>Max Depth = 80<LI>Call Chain = Maze_SendStatusNow &rArr; UART1_SendRobotStatus &rArr; UART1_SendSignedPwm &rArr; UART1_SendUint
</UL>
<BR>[Calls]<UL><LI><a href="#[6e]">&gt;&gt;</a>&nbsp;&nbsp;&nbsp;UART1_SendRobotStatus
<LI><a href="#[6c]">&gt;&gt;</a>&nbsp;&nbsp;&nbsp;Motor_GetRightPwm
<LI><a href="#[6d]">&gt;&gt;</a>&nbsp;&nbsp;&nbsp;Motor_GetLeftPwm
</UL>
<BR>[Called By]<UL><LI><a href="#[5e]">&gt;&gt;</a>&nbsp;&nbsp;&nbsp;Maze_ReadSensorState
<LI><a href="#[5b]">&gt;&gt;</a>&nbsp;&nbsp;&nbsp;Maze_UARTStatusTask
</UL>

<P><STRONG><a name="[6f]"></a>Maze_Task</STRONG> (Thumb, 176 bytes, Stack size 16 bytes, maze.o(i.Maze_Task))
<BR><BR>[Stack]<UL><LI>Max Depth = 168<LI>Call Chain = Maze_Task &rArr; Maze_TurnBack &rArr; Maze_PostTurnForwardIfClear &rArr; Maze_GoForwardChecked &rArr; Maze_ReadSensorState &rArr; Maze_SendStatusNow &rArr; UART1_SendRobotStatus &rArr; UART1_SendSignedPwm &rArr; UART1_SendUint
</UL>
<BR>[Calls]<UL><LI><a href="#[5f]">&gt;&gt;</a>&nbsp;&nbsp;&nbsp;Motor_Stop
<LI><a href="#[5e]">&gt;&gt;</a>&nbsp;&nbsp;&nbsp;Maze_ReadSensorState
<LI><a href="#[71]">&gt;&gt;</a>&nbsp;&nbsp;&nbsp;Maze_TurnLockSideBlocked
<LI><a href="#[72]">&gt;&gt;</a>&nbsp;&nbsp;&nbsp;Maze_TurnBack
<LI><a href="#[6b]">&gt;&gt;</a>&nbsp;&nbsp;&nbsp;Maze_Right90
<LI><a href="#[66]">&gt;&gt;</a>&nbsp;&nbsp;&nbsp;Maze_PulsedRightTurn
<LI><a href="#[62]">&gt;&gt;</a>&nbsp;&nbsp;&nbsp;Maze_PulsedLeftTurn
<LI><a href="#[61]">&gt;&gt;</a>&nbsp;&nbsp;&nbsp;Maze_Left90
<LI><a href="#[58]">&gt;&gt;</a>&nbsp;&nbsp;&nbsp;Maze_IsFrontSafe
<LI><a href="#[5c]">&gt;&gt;</a>&nbsp;&nbsp;&nbsp;Maze_ForwardOneLoop
<LI><a href="#[5a]">&gt;&gt;</a>&nbsp;&nbsp;&nbsp;Maze_DelayWithUart
<LI><a href="#[70]">&gt;&gt;</a>&nbsp;&nbsp;&nbsp;Maze_ClearTurnLock
</UL>
<BR>[Called By]<UL><LI><a href="#[44]">&gt;&gt;</a>&nbsp;&nbsp;&nbsp;main
</UL>

<P><STRONG><a name="[5d]"></a>Motor_Forward</STRONG> (Thumb, 18 bytes, Stack size 8 bytes, motor.o(i.Motor_Forward))
<BR><BR>[Stack]<UL><LI>Max Depth = 48<LI>Call Chain = Motor_Forward &rArr; Motor_SetRight &rArr; Motor_SetRightPwm &rArr; Motor_ApplyTrim
</UL>
<BR>[Calls]<UL><LI><a href="#[77]">&gt;&gt;</a>&nbsp;&nbsp;&nbsp;Motor_SetRight
<LI><a href="#[76]">&gt;&gt;</a>&nbsp;&nbsp;&nbsp;Motor_SetLeft
</UL>
<BR>[Called By]<UL><LI><a href="#[59]">&gt;&gt;</a>&nbsp;&nbsp;&nbsp;Maze_GoForwardChecked
<LI><a href="#[5c]">&gt;&gt;</a>&nbsp;&nbsp;&nbsp;Maze_ForwardOneLoop
</UL>

<P><STRONG><a name="[6d]"></a>Motor_GetLeftPwm</STRONG> (Thumb, 8 bytes, Stack size 0 bytes, motor.o(i.Motor_GetLeftPwm))
<BR><BR>[Called By]<UL><LI><a href="#[6a]">&gt;&gt;</a>&nbsp;&nbsp;&nbsp;Maze_SendStatusNow
</UL>

<P><STRONG><a name="[6c]"></a>Motor_GetRightPwm</STRONG> (Thumb, 8 bytes, Stack size 0 bytes, motor.o(i.Motor_GetRightPwm))
<BR><BR>[Called By]<UL><LI><a href="#[6a]">&gt;&gt;</a>&nbsp;&nbsp;&nbsp;Maze_SendStatusNow
</UL>

<P><STRONG><a name="[78]"></a>Motor_Init</STRONG> (Thumb, 178 bytes, Stack size 8 bytes, motor.o(i.Motor_Init))
<BR><BR>[Stack]<UL><LI>Max Depth = 56<LI>Call Chain = Motor_Init &rArr; Motor_Stop &rArr; Motor_SetRight &rArr; Motor_SetRightPwm &rArr; Motor_ApplyTrim
</UL>
<BR>[Calls]<UL><LI><a href="#[51]">&gt;&gt;</a>&nbsp;&nbsp;&nbsp;GPIO_ConfigPin
<LI><a href="#[5f]">&gt;&gt;</a>&nbsp;&nbsp;&nbsp;Motor_Stop
</UL>
<BR>[Called By]<UL><LI><a href="#[44]">&gt;&gt;</a>&nbsp;&nbsp;&nbsp;main
</UL>

<P><STRONG><a name="[65]"></a>Motor_LeftTurn</STRONG> (Thumb, 20 bytes, Stack size 16 bytes, motor.o(i.Motor_LeftTurn))
<BR><BR>[Stack]<UL><LI>Max Depth = 56<LI>Call Chain = Motor_LeftTurn &rArr; Motor_SetRight &rArr; Motor_SetRightPwm &rArr; Motor_ApplyTrim
</UL>
<BR>[Calls]<UL><LI><a href="#[77]">&gt;&gt;</a>&nbsp;&nbsp;&nbsp;Motor_SetRight
<LI><a href="#[76]">&gt;&gt;</a>&nbsp;&nbsp;&nbsp;Motor_SetLeft
</UL>
<BR>[Called By]<UL><LI><a href="#[62]">&gt;&gt;</a>&nbsp;&nbsp;&nbsp;Maze_PulsedLeftTurn
</UL>

<P><STRONG><a name="[67]"></a>Motor_RightTurn</STRONG> (Thumb, 20 bytes, Stack size 16 bytes, motor.o(i.Motor_RightTurn))
<BR><BR>[Stack]<UL><LI>Max Depth = 56<LI>Call Chain = Motor_RightTurn &rArr; Motor_SetRight &rArr; Motor_SetRightPwm &rArr; Motor_ApplyTrim
</UL>
<BR>[Calls]<UL><LI><a href="#[77]">&gt;&gt;</a>&nbsp;&nbsp;&nbsp;Motor_SetRight
<LI><a href="#[76]">&gt;&gt;</a>&nbsp;&nbsp;&nbsp;Motor_SetLeft
</UL>
<BR>[Called By]<UL><LI><a href="#[66]">&gt;&gt;</a>&nbsp;&nbsp;&nbsp;Maze_PulsedRightTurn
</UL>

<P><STRONG><a name="[76]"></a>Motor_SetLeft</STRONG> (Thumb, 78 bytes, Stack size 8 bytes, motor.o(i.Motor_SetLeft))
<BR><BR>[Stack]<UL><LI>Max Depth = 40<LI>Call Chain = Motor_SetLeft &rArr; Motor_SetLeftPwm &rArr; Motor_ApplyTrim
</UL>
<BR>[Calls]<UL><LI><a href="#[7a]">&gt;&gt;</a>&nbsp;&nbsp;&nbsp;Motor_SetLeftPwm
<LI><a href="#[79]">&gt;&gt;</a>&nbsp;&nbsp;&nbsp;Motor_SetLeftDir
</UL>
<BR>[Called By]<UL><LI><a href="#[5f]">&gt;&gt;</a>&nbsp;&nbsp;&nbsp;Motor_Stop
<LI><a href="#[73]">&gt;&gt;</a>&nbsp;&nbsp;&nbsp;Motor_SpinLeft
<LI><a href="#[67]">&gt;&gt;</a>&nbsp;&nbsp;&nbsp;Motor_RightTurn
<LI><a href="#[65]">&gt;&gt;</a>&nbsp;&nbsp;&nbsp;Motor_LeftTurn
<LI><a href="#[5d]">&gt;&gt;</a>&nbsp;&nbsp;&nbsp;Motor_Forward
</UL>

<P><STRONG><a name="[77]"></a>Motor_SetRight</STRONG> (Thumb, 78 bytes, Stack size 8 bytes, motor.o(i.Motor_SetRight))
<BR><BR>[Stack]<UL><LI>Max Depth = 40<LI>Call Chain = Motor_SetRight &rArr; Motor_SetRightPwm &rArr; Motor_ApplyTrim
</UL>
<BR>[Calls]<UL><LI><a href="#[7d]">&gt;&gt;</a>&nbsp;&nbsp;&nbsp;Motor_SetRightPwm
<LI><a href="#[7c]">&gt;&gt;</a>&nbsp;&nbsp;&nbsp;Motor_SetRightDir
</UL>
<BR>[Called By]<UL><LI><a href="#[5f]">&gt;&gt;</a>&nbsp;&nbsp;&nbsp;Motor_Stop
<LI><a href="#[73]">&gt;&gt;</a>&nbsp;&nbsp;&nbsp;Motor_SpinLeft
<LI><a href="#[67]">&gt;&gt;</a>&nbsp;&nbsp;&nbsp;Motor_RightTurn
<LI><a href="#[65]">&gt;&gt;</a>&nbsp;&nbsp;&nbsp;Motor_LeftTurn
<LI><a href="#[5d]">&gt;&gt;</a>&nbsp;&nbsp;&nbsp;Motor_Forward
</UL>

<P><STRONG><a name="[73]"></a>Motor_SpinLeft</STRONG> (Thumb, 20 bytes, Stack size 8 bytes, motor.o(i.Motor_SpinLeft))
<BR><BR>[Stack]<UL><LI>Max Depth = 48<LI>Call Chain = Motor_SpinLeft &rArr; Motor_SetRight &rArr; Motor_SetRightPwm &rArr; Motor_ApplyTrim
</UL>
<BR>[Calls]<UL><LI><a href="#[77]">&gt;&gt;</a>&nbsp;&nbsp;&nbsp;Motor_SetRight
<LI><a href="#[76]">&gt;&gt;</a>&nbsp;&nbsp;&nbsp;Motor_SetLeft
</UL>
<BR>[Called By]<UL><LI><a href="#[72]">&gt;&gt;</a>&nbsp;&nbsp;&nbsp;Maze_TurnBack
</UL>

<P><STRONG><a name="[5f]"></a>Motor_Stop</STRONG> (Thumb, 16 bytes, Stack size 8 bytes, motor.o(i.Motor_Stop))
<BR><BR>[Stack]<UL><LI>Max Depth = 48<LI>Call Chain = Motor_Stop &rArr; Motor_SetRight &rArr; Motor_SetRightPwm &rArr; Motor_ApplyTrim
</UL>
<BR>[Calls]<UL><LI><a href="#[77]">&gt;&gt;</a>&nbsp;&nbsp;&nbsp;Motor_SetRight
<LI><a href="#[76]">&gt;&gt;</a>&nbsp;&nbsp;&nbsp;Motor_SetLeft
</UL>
<BR>[Called By]<UL><LI><a href="#[72]">&gt;&gt;</a>&nbsp;&nbsp;&nbsp;Maze_TurnBack
<LI><a href="#[6b]">&gt;&gt;</a>&nbsp;&nbsp;&nbsp;Maze_Right90
<LI><a href="#[66]">&gt;&gt;</a>&nbsp;&nbsp;&nbsp;Maze_PulsedRightTurn
<LI><a href="#[62]">&gt;&gt;</a>&nbsp;&nbsp;&nbsp;Maze_PulsedLeftTurn
<LI><a href="#[61]">&gt;&gt;</a>&nbsp;&nbsp;&nbsp;Maze_Left90
<LI><a href="#[59]">&gt;&gt;</a>&nbsp;&nbsp;&nbsp;Maze_GoForwardChecked
<LI><a href="#[78]">&gt;&gt;</a>&nbsp;&nbsp;&nbsp;Motor_Init
<LI><a href="#[6f]">&gt;&gt;</a>&nbsp;&nbsp;&nbsp;Maze_Task
<LI><a href="#[60]">&gt;&gt;</a>&nbsp;&nbsp;&nbsp;Maze_Init
</UL>

<P><STRONG><a name="[4a]"></a>SystemInit</STRONG> (Thumb, 72 bytes, Stack size 0 bytes, system_stm32f103.o(i.SystemInit))
<BR><BR>[Called By]<UL><LI><a href="#[38]">&gt;&gt;</a>&nbsp;&nbsp;&nbsp;Reset_Handler
</UL>

<P><STRONG><a name="[7e]"></a>UART1_Init</STRONG> (Thumb, 96 bytes, Stack size 16 bytes, uart.o(i.UART1_Init))
<BR><BR>[Stack]<UL><LI>Max Depth = 32<LI>Call Chain = UART1_Init &rArr; GPIO_ConfigPin
</UL>
<BR>[Calls]<UL><LI><a href="#[51]">&gt;&gt;</a>&nbsp;&nbsp;&nbsp;GPIO_ConfigPin
</UL>
<BR>[Called By]<UL><LI><a href="#[44]">&gt;&gt;</a>&nbsp;&nbsp;&nbsp;main
</UL>

<P><STRONG><a name="[83]"></a>UART1_SendChar</STRONG> (Thumb, 22 bytes, Stack size 0 bytes, uart.o(i.UART1_SendChar))
<BR><BR>[Called By]<UL><LI><a href="#[80]">&gt;&gt;</a>&nbsp;&nbsp;&nbsp;UART1_SendUint
<LI><a href="#[82]">&gt;&gt;</a>&nbsp;&nbsp;&nbsp;UART1_SendSignedPwm
<LI><a href="#[7f]">&gt;&gt;</a>&nbsp;&nbsp;&nbsp;UART1_SendString
</UL>

<P><STRONG><a name="[6e]"></a>UART1_SendRobotStatus</STRONG> (Thumb, 122 bytes, Stack size 32 bytes, uart.o(i.UART1_SendRobotStatus))
<BR><BR>[Stack]<UL><LI>Max Depth = 56<LI>Call Chain = UART1_SendRobotStatus &rArr; UART1_SendSignedPwm &rArr; UART1_SendUint
</UL>
<BR>[Calls]<UL><LI><a href="#[81]">&gt;&gt;</a>&nbsp;&nbsp;&nbsp;UART1_SendUltrasonicError
<LI><a href="#[80]">&gt;&gt;</a>&nbsp;&nbsp;&nbsp;UART1_SendUint
<LI><a href="#[82]">&gt;&gt;</a>&nbsp;&nbsp;&nbsp;UART1_SendSignedPwm
<LI><a href="#[7f]">&gt;&gt;</a>&nbsp;&nbsp;&nbsp;UART1_SendString
</UL>
<BR>[Called By]<UL><LI><a href="#[6a]">&gt;&gt;</a>&nbsp;&nbsp;&nbsp;Maze_SendStatusNow
</UL>

<P><STRONG><a name="[7f]"></a>UART1_SendString</STRONG> (Thumb, 24 bytes, Stack size 4 bytes, uart.o(i.UART1_SendString))
<BR><BR>[Stack]<UL><LI>Max Depth = 4<LI>Call Chain = UART1_SendString
</UL>
<BR>[Calls]<UL><LI><a href="#[83]">&gt;&gt;</a>&nbsp;&nbsp;&nbsp;UART1_SendChar
</UL>
<BR>[Called By]<UL><LI><a href="#[81]">&gt;&gt;</a>&nbsp;&nbsp;&nbsp;UART1_SendUltrasonicError
<LI><a href="#[6e]">&gt;&gt;</a>&nbsp;&nbsp;&nbsp;UART1_SendRobotStatus
<LI><a href="#[44]">&gt;&gt;</a>&nbsp;&nbsp;&nbsp;main
</UL>

<P><STRONG><a name="[85]"></a>Ultrasonic_Init</STRONG> (Thumb, 66 bytes, Stack size 8 bytes, ultrasonic.o(i.Ultrasonic_Init))
<BR><BR>[Stack]<UL><LI>Max Depth = 24<LI>Call Chain = Ultrasonic_Init &rArr; GPIO_ConfigPin
</UL>
<BR>[Calls]<UL><LI><a href="#[7b]">&gt;&gt;</a>&nbsp;&nbsp;&nbsp;GPIO_ResetPin
<LI><a href="#[51]">&gt;&gt;</a>&nbsp;&nbsp;&nbsp;GPIO_ConfigPin
</UL>
<BR>[Called By]<UL><LI><a href="#[44]">&gt;&gt;</a>&nbsp;&nbsp;&nbsp;main
</UL>

<P><STRONG><a name="[84]"></a>Ultrasonic_LastError</STRONG> (Thumb, 6 bytes, Stack size 0 bytes, ultrasonic.o(i.Ultrasonic_LastError))
<BR><BR>[Called By]<UL><LI><a href="#[81]">&gt;&gt;</a>&nbsp;&nbsp;&nbsp;UART1_SendUltrasonicError
</UL>

<P><STRONG><a name="[69]"></a>Ultrasonic_LastReadValid</STRONG> (Thumb, 6 bytes, Stack size 0 bytes, ultrasonic.o(i.Ultrasonic_LastReadValid))
<BR><BR>[Called By]<UL><LI><a href="#[5e]">&gt;&gt;</a>&nbsp;&nbsp;&nbsp;Maze_ReadSensorState
</UL>

<P><STRONG><a name="[68]"></a>Ultrasonic_ReadFrontCm</STRONG> (Thumb, 56 bytes, Stack size 8 bytes, ultrasonic.o(i.Ultrasonic_ReadFrontCm))
<BR><BR>[Stack]<UL><LI>Max Depth = 40<LI>Call Chain = Ultrasonic_ReadFrontCm &rArr; Ultrasonic_ReadRawCm &rArr; Ultrasonic_WaitEchoLevel
</UL>
<BR>[Calls]<UL><LI><a href="#[86]">&gt;&gt;</a>&nbsp;&nbsp;&nbsp;Ultrasonic_ReadRawCm
</UL>
<BR>[Called By]<UL><LI><a href="#[5e]">&gt;&gt;</a>&nbsp;&nbsp;&nbsp;Maze_ReadSensorState
</UL>

<P><STRONG><a name="[44]"></a>main</STRONG> (Thumb, 50 bytes, Stack size 0 bytes, main.o(i.main))
<BR><BR>[Stack]<UL><LI>Max Depth = 168<LI>Call Chain = main &rArr; Maze_Task &rArr; Maze_TurnBack &rArr; Maze_PostTurnForwardIfClear &rArr; Maze_GoForwardChecked &rArr; Maze_ReadSensorState &rArr; Maze_SendStatusNow &rArr; UART1_SendRobotStatus &rArr; UART1_SendSignedPwm &rArr; UART1_SendUint
</UL>
<BR>[Calls]<UL><LI><a href="#[85]">&gt;&gt;</a>&nbsp;&nbsp;&nbsp;Ultrasonic_Init
<LI><a href="#[7f]">&gt;&gt;</a>&nbsp;&nbsp;&nbsp;UART1_SendString
<LI><a href="#[7e]">&gt;&gt;</a>&nbsp;&nbsp;&nbsp;UART1_Init
<LI><a href="#[78]">&gt;&gt;</a>&nbsp;&nbsp;&nbsp;Motor_Init
<LI><a href="#[6f]">&gt;&gt;</a>&nbsp;&nbsp;&nbsp;Maze_Task
<LI><a href="#[60]">&gt;&gt;</a>&nbsp;&nbsp;&nbsp;Maze_Init
<LI><a href="#[50]">&gt;&gt;</a>&nbsp;&nbsp;&nbsp;IR_Init
<LI><a href="#[4d]">&gt;&gt;</a>&nbsp;&nbsp;&nbsp;Delay_ms
<LI><a href="#[89]">&gt;&gt;</a>&nbsp;&nbsp;&nbsp;Delay_Init
</UL>
<BR>[Called By]<UL><LI><a href="#[43]">&gt;&gt;</a>&nbsp;&nbsp;&nbsp;__rt_entry_main
</UL>
<P>
<H3>
Local Symbols
</H3>
<P><STRONG><a name="[70]"></a>Maze_ClearTurnLock</STRONG> (Thumb, 8 bytes, Stack size 0 bytes, maze.o(i.Maze_ClearTurnLock))
<BR><BR>[Called By]<UL><LI><a href="#[6f]">&gt;&gt;</a>&nbsp;&nbsp;&nbsp;Maze_Task
</UL>

<P><STRONG><a name="[57]"></a>Maze_DelayBeforeTurnIfClear</STRONG> (Thumb, 30 bytes, Stack size 8 bytes, maze.o(i.Maze_DelayBeforeTurnIfClear))
<BR><BR>[Stack]<UL><LI>Max Depth = 136<LI>Call Chain = Maze_DelayBeforeTurnIfClear &rArr; Maze_GoForwardChecked &rArr; Maze_ReadSensorState &rArr; Maze_SendStatusNow &rArr; UART1_SendRobotStatus &rArr; UART1_SendSignedPwm &rArr; UART1_SendUint
</UL>
<BR>[Calls]<UL><LI><a href="#[58]">&gt;&gt;</a>&nbsp;&nbsp;&nbsp;Maze_IsFrontSafe
<LI><a href="#[59]">&gt;&gt;</a>&nbsp;&nbsp;&nbsp;Maze_GoForwardChecked
</UL>
<BR>[Called By]<UL><LI><a href="#[6b]">&gt;&gt;</a>&nbsp;&nbsp;&nbsp;Maze_Right90
<LI><a href="#[61]">&gt;&gt;</a>&nbsp;&nbsp;&nbsp;Maze_Left90
</UL>

<P><STRONG><a name="[5a]"></a>Maze_DelayWithUart</STRONG> (Thumb, 40 bytes, Stack size 8 bytes, maze.o(i.Maze_DelayWithUart))
<BR><BR>[Stack]<UL><LI>Max Depth = 96<LI>Call Chain = Maze_DelayWithUart &rArr; Maze_UARTStatusTask &rArr; Maze_SendStatusNow &rArr; UART1_SendRobotStatus &rArr; UART1_SendSignedPwm &rArr; UART1_SendUint
</UL>
<BR>[Calls]<UL><LI><a href="#[5b]">&gt;&gt;</a>&nbsp;&nbsp;&nbsp;Maze_UARTStatusTask
<LI><a href="#[4d]">&gt;&gt;</a>&nbsp;&nbsp;&nbsp;Delay_ms
</UL>
<BR>[Called By]<UL><LI><a href="#[72]">&gt;&gt;</a>&nbsp;&nbsp;&nbsp;Maze_TurnBack
<LI><a href="#[6b]">&gt;&gt;</a>&nbsp;&nbsp;&nbsp;Maze_Right90
<LI><a href="#[66]">&gt;&gt;</a>&nbsp;&nbsp;&nbsp;Maze_PulsedRightTurn
<LI><a href="#[62]">&gt;&gt;</a>&nbsp;&nbsp;&nbsp;Maze_PulsedLeftTurn
<LI><a href="#[61]">&gt;&gt;</a>&nbsp;&nbsp;&nbsp;Maze_Left90
<LI><a href="#[59]">&gt;&gt;</a>&nbsp;&nbsp;&nbsp;Maze_GoForwardChecked
<LI><a href="#[5c]">&gt;&gt;</a>&nbsp;&nbsp;&nbsp;Maze_ForwardOneLoop
<LI><a href="#[6f]">&gt;&gt;</a>&nbsp;&nbsp;&nbsp;Maze_Task
</UL>

<P><STRONG><a name="[5c]"></a>Maze_ForwardOneLoop</STRONG> (Thumb, 36 bytes, Stack size 8 bytes, maze.o(i.Maze_ForwardOneLoop))
<BR><BR>[Stack]<UL><LI>Max Depth = 104<LI>Call Chain = Maze_ForwardOneLoop &rArr; Maze_DelayWithUart &rArr; Maze_UARTStatusTask &rArr; Maze_SendStatusNow &rArr; UART1_SendRobotStatus &rArr; UART1_SendSignedPwm &rArr; UART1_SendUint
</UL>
<BR>[Calls]<UL><LI><a href="#[5d]">&gt;&gt;</a>&nbsp;&nbsp;&nbsp;Motor_Forward
<LI><a href="#[5a]">&gt;&gt;</a>&nbsp;&nbsp;&nbsp;Maze_DelayWithUart
</UL>
<BR>[Called By]<UL><LI><a href="#[6f]">&gt;&gt;</a>&nbsp;&nbsp;&nbsp;Maze_Task
</UL>

<P><STRONG><a name="[59]"></a>Maze_GoForwardChecked</STRONG> (Thumb, 106 bytes, Stack size 32 bytes, maze.o(i.Maze_GoForwardChecked))
<BR><BR>[Stack]<UL><LI>Max Depth = 128<LI>Call Chain = Maze_GoForwardChecked &rArr; Maze_ReadSensorState &rArr; Maze_SendStatusNow &rArr; UART1_SendRobotStatus &rArr; UART1_SendSignedPwm &rArr; UART1_SendUint
</UL>
<BR>[Calls]<UL><LI><a href="#[5f]">&gt;&gt;</a>&nbsp;&nbsp;&nbsp;Motor_Stop
<LI><a href="#[5d]">&gt;&gt;</a>&nbsp;&nbsp;&nbsp;Motor_Forward
<LI><a href="#[5e]">&gt;&gt;</a>&nbsp;&nbsp;&nbsp;Maze_ReadSensorState
<LI><a href="#[58]">&gt;&gt;</a>&nbsp;&nbsp;&nbsp;Maze_IsFrontSafe
<LI><a href="#[5a]">&gt;&gt;</a>&nbsp;&nbsp;&nbsp;Maze_DelayWithUart
</UL>
<BR>[Called By]<UL><LI><a href="#[64]">&gt;&gt;</a>&nbsp;&nbsp;&nbsp;Maze_PostTurnForwardIfClear
<LI><a href="#[57]">&gt;&gt;</a>&nbsp;&nbsp;&nbsp;Maze_DelayBeforeTurnIfClear
</UL>

<P><STRONG><a name="[58]"></a>Maze_IsFrontSafe</STRONG> (Thumb, 20 bytes, Stack size 0 bytes, maze.o(i.Maze_IsFrontSafe))
<BR><BR>[Called By]<UL><LI><a href="#[64]">&gt;&gt;</a>&nbsp;&nbsp;&nbsp;Maze_PostTurnForwardIfClear
<LI><a href="#[59]">&gt;&gt;</a>&nbsp;&nbsp;&nbsp;Maze_GoForwardChecked
<LI><a href="#[57]">&gt;&gt;</a>&nbsp;&nbsp;&nbsp;Maze_DelayBeforeTurnIfClear
<LI><a href="#[6f]">&gt;&gt;</a>&nbsp;&nbsp;&nbsp;Maze_Task
</UL>

<P><STRONG><a name="[61]"></a>Maze_Left90</STRONG> (Thumb, 58 bytes, Stack size 8 bytes, maze.o(i.Maze_Left90))
<BR><BR>[Stack]<UL><LI>Max Depth = 152<LI>Call Chain = Maze_Left90 &rArr; Maze_PostTurnForwardIfClear &rArr; Maze_GoForwardChecked &rArr; Maze_ReadSensorState &rArr; Maze_SendStatusNow &rArr; UART1_SendRobotStatus &rArr; UART1_SendSignedPwm &rArr; UART1_SendUint
</UL>
<BR>[Calls]<UL><LI><a href="#[5f]">&gt;&gt;</a>&nbsp;&nbsp;&nbsp;Motor_Stop
<LI><a href="#[63]">&gt;&gt;</a>&nbsp;&nbsp;&nbsp;Maze_StartTurnLock
<LI><a href="#[62]">&gt;&gt;</a>&nbsp;&nbsp;&nbsp;Maze_PulsedLeftTurn
<LI><a href="#[64]">&gt;&gt;</a>&nbsp;&nbsp;&nbsp;Maze_PostTurnForwardIfClear
<LI><a href="#[5a]">&gt;&gt;</a>&nbsp;&nbsp;&nbsp;Maze_DelayWithUart
<LI><a href="#[57]">&gt;&gt;</a>&nbsp;&nbsp;&nbsp;Maze_DelayBeforeTurnIfClear
</UL>
<BR>[Called By]<UL><LI><a href="#[6f]">&gt;&gt;</a>&nbsp;&nbsp;&nbsp;Maze_Task
</UL>

<P><STRONG><a name="[64]"></a>Maze_PostTurnForwardIfClear</STRONG> (Thumb, 32 bytes, Stack size 16 bytes, maze.o(i.Maze_PostTurnForwardIfClear))
<BR><BR>[Stack]<UL><LI>Max Depth = 144<LI>Call Chain = Maze_PostTurnForwardIfClear &rArr; Maze_GoForwardChecked &rArr; Maze_ReadSensorState &rArr; Maze_SendStatusNow &rArr; UART1_SendRobotStatus &rArr; UART1_SendSignedPwm &rArr; UART1_SendUint
</UL>
<BR>[Calls]<UL><LI><a href="#[5e]">&gt;&gt;</a>&nbsp;&nbsp;&nbsp;Maze_ReadSensorState
<LI><a href="#[58]">&gt;&gt;</a>&nbsp;&nbsp;&nbsp;Maze_IsFrontSafe
<LI><a href="#[59]">&gt;&gt;</a>&nbsp;&nbsp;&nbsp;Maze_GoForwardChecked
</UL>
<BR>[Called By]<UL><LI><a href="#[72]">&gt;&gt;</a>&nbsp;&nbsp;&nbsp;Maze_TurnBack
<LI><a href="#[6b]">&gt;&gt;</a>&nbsp;&nbsp;&nbsp;Maze_Right90
<LI><a href="#[61]">&gt;&gt;</a>&nbsp;&nbsp;&nbsp;Maze_Left90
</UL>

<P><STRONG><a name="[62]"></a>Maze_PulsedLeftTurn</STRONG> (Thumb, 64 bytes, Stack size 24 bytes, maze.o(i.Maze_PulsedLeftTurn))
<BR><BR>[Stack]<UL><LI>Max Depth = 120<LI>Call Chain = Maze_PulsedLeftTurn &rArr; Maze_DelayWithUart &rArr; Maze_UARTStatusTask &rArr; Maze_SendStatusNow &rArr; UART1_SendRobotStatus &rArr; UART1_SendSignedPwm &rArr; UART1_SendUint
</UL>
<BR>[Calls]<UL><LI><a href="#[5f]">&gt;&gt;</a>&nbsp;&nbsp;&nbsp;Motor_Stop
<LI><a href="#[65]">&gt;&gt;</a>&nbsp;&nbsp;&nbsp;Motor_LeftTurn
<LI><a href="#[5a]">&gt;&gt;</a>&nbsp;&nbsp;&nbsp;Maze_DelayWithUart
</UL>
<BR>[Called By]<UL><LI><a href="#[61]">&gt;&gt;</a>&nbsp;&nbsp;&nbsp;Maze_Left90
<LI><a href="#[6f]">&gt;&gt;</a>&nbsp;&nbsp;&nbsp;Maze_Task
</UL>

<P><STRONG><a name="[66]"></a>Maze_PulsedRightTurn</STRONG> (Thumb, 64 bytes, Stack size 24 bytes, maze.o(i.Maze_PulsedRightTurn))
<BR><BR>[Stack]<UL><LI>Max Depth = 120<LI>Call Chain = Maze_PulsedRightTurn &rArr; Maze_DelayWithUart &rArr; Maze_UARTStatusTask &rArr; Maze_SendStatusNow &rArr; UART1_SendRobotStatus &rArr; UART1_SendSignedPwm &rArr; UART1_SendUint
</UL>
<BR>[Calls]<UL><LI><a href="#[5f]">&gt;&gt;</a>&nbsp;&nbsp;&nbsp;Motor_Stop
<LI><a href="#[67]">&gt;&gt;</a>&nbsp;&nbsp;&nbsp;Motor_RightTurn
<LI><a href="#[5a]">&gt;&gt;</a>&nbsp;&nbsp;&nbsp;Maze_DelayWithUart
</UL>
<BR>[Called By]<UL><LI><a href="#[6b]">&gt;&gt;</a>&nbsp;&nbsp;&nbsp;Maze_Right90
<LI><a href="#[6f]">&gt;&gt;</a>&nbsp;&nbsp;&nbsp;Maze_Task
</UL>

<P><STRONG><a name="[6b]"></a>Maze_Right90</STRONG> (Thumb, 58 bytes, Stack size 8 bytes, maze.o(i.Maze_Right90))
<BR><BR>[Stack]<UL><LI>Max Depth = 152<LI>Call Chain = Maze_Right90 &rArr; Maze_PostTurnForwardIfClear &rArr; Maze_GoForwardChecked &rArr; Maze_ReadSensorState &rArr; Maze_SendStatusNow &rArr; UART1_SendRobotStatus &rArr; UART1_SendSignedPwm &rArr; UART1_SendUint
</UL>
<BR>[Calls]<UL><LI><a href="#[5f]">&gt;&gt;</a>&nbsp;&nbsp;&nbsp;Motor_Stop
<LI><a href="#[63]">&gt;&gt;</a>&nbsp;&nbsp;&nbsp;Maze_StartTurnLock
<LI><a href="#[66]">&gt;&gt;</a>&nbsp;&nbsp;&nbsp;Maze_PulsedRightTurn
<LI><a href="#[64]">&gt;&gt;</a>&nbsp;&nbsp;&nbsp;Maze_PostTurnForwardIfClear
<LI><a href="#[5a]">&gt;&gt;</a>&nbsp;&nbsp;&nbsp;Maze_DelayWithUart
<LI><a href="#[57]">&gt;&gt;</a>&nbsp;&nbsp;&nbsp;Maze_DelayBeforeTurnIfClear
</UL>
<BR>[Called By]<UL><LI><a href="#[6f]">&gt;&gt;</a>&nbsp;&nbsp;&nbsp;Maze_Task
</UL>

<P><STRONG><a name="[63]"></a>Maze_StartTurnLock</STRONG> (Thumb, 6 bytes, Stack size 0 bytes, maze.o(i.Maze_StartTurnLock))
<BR><BR>[Called By]<UL><LI><a href="#[72]">&gt;&gt;</a>&nbsp;&nbsp;&nbsp;Maze_TurnBack
<LI><a href="#[6b]">&gt;&gt;</a>&nbsp;&nbsp;&nbsp;Maze_Right90
<LI><a href="#[61]">&gt;&gt;</a>&nbsp;&nbsp;&nbsp;Maze_Left90
</UL>

<P><STRONG><a name="[72]"></a>Maze_TurnBack</STRONG> (Thumb, 50 bytes, Stack size 8 bytes, maze.o(i.Maze_TurnBack))
<BR><BR>[Stack]<UL><LI>Max Depth = 152<LI>Call Chain = Maze_TurnBack &rArr; Maze_PostTurnForwardIfClear &rArr; Maze_GoForwardChecked &rArr; Maze_ReadSensorState &rArr; Maze_SendStatusNow &rArr; UART1_SendRobotStatus &rArr; UART1_SendSignedPwm &rArr; UART1_SendUint
</UL>
<BR>[Calls]<UL><LI><a href="#[5f]">&gt;&gt;</a>&nbsp;&nbsp;&nbsp;Motor_Stop
<LI><a href="#[73]">&gt;&gt;</a>&nbsp;&nbsp;&nbsp;Motor_SpinLeft
<LI><a href="#[63]">&gt;&gt;</a>&nbsp;&nbsp;&nbsp;Maze_StartTurnLock
<LI><a href="#[64]">&gt;&gt;</a>&nbsp;&nbsp;&nbsp;Maze_PostTurnForwardIfClear
<LI><a href="#[5a]">&gt;&gt;</a>&nbsp;&nbsp;&nbsp;Maze_DelayWithUart
</UL>
<BR>[Called By]<UL><LI><a href="#[6f]">&gt;&gt;</a>&nbsp;&nbsp;&nbsp;Maze_Task
</UL>

<P><STRONG><a name="[71]"></a>Maze_TurnLockSideBlocked</STRONG> (Thumb, 30 bytes, Stack size 0 bytes, maze.o(i.Maze_TurnLockSideBlocked))
<BR><BR>[Called By]<UL><LI><a href="#[6f]">&gt;&gt;</a>&nbsp;&nbsp;&nbsp;Maze_Task
</UL>

<P><STRONG><a name="[5b]"></a>Maze_UARTStatusTask</STRONG> (Thumb, 36 bytes, Stack size 8 bytes, maze.o(i.Maze_UARTStatusTask))
<BR><BR>[Stack]<UL><LI>Max Depth = 88<LI>Call Chain = Maze_UARTStatusTask &rArr; Maze_SendStatusNow &rArr; UART1_SendRobotStatus &rArr; UART1_SendSignedPwm &rArr; UART1_SendUint
</UL>
<BR>[Calls]<UL><LI><a href="#[6a]">&gt;&gt;</a>&nbsp;&nbsp;&nbsp;Maze_SendStatusNow
</UL>
<BR>[Called By]<UL><LI><a href="#[5a]">&gt;&gt;</a>&nbsp;&nbsp;&nbsp;Maze_DelayWithUart
</UL>

<P><STRONG><a name="[74]"></a>Motor_ApplyTrim</STRONG> (Thumb, 28 bytes, Stack size 16 bytes, motor.o(i.Motor_ApplyTrim))
<BR><BR>[Stack]<UL><LI>Max Depth = 16<LI>Call Chain = Motor_ApplyTrim
</UL>
<BR>[Calls]<UL><LI><a href="#[75]">&gt;&gt;</a>&nbsp;&nbsp;&nbsp;Motor_LimitPwm
</UL>
<BR>[Called By]<UL><LI><a href="#[7d]">&gt;&gt;</a>&nbsp;&nbsp;&nbsp;Motor_SetRightPwm
<LI><a href="#[7a]">&gt;&gt;</a>&nbsp;&nbsp;&nbsp;Motor_SetLeftPwm
</UL>

<P><STRONG><a name="[75]"></a>Motor_LimitPwm</STRONG> (Thumb, 18 bytes, Stack size 0 bytes, motor.o(i.Motor_LimitPwm))
<BR><BR>[Called By]<UL><LI><a href="#[74]">&gt;&gt;</a>&nbsp;&nbsp;&nbsp;Motor_ApplyTrim
</UL>

<P><STRONG><a name="[79]"></a>Motor_SetLeftDir</STRONG> (Thumb, 66 bytes, Stack size 8 bytes, motor.o(i.Motor_SetLeftDir))
<BR><BR>[Stack]<UL><LI>Max Depth = 8<LI>Call Chain = Motor_SetLeftDir
</UL>
<BR>[Calls]<UL><LI><a href="#[52]">&gt;&gt;</a>&nbsp;&nbsp;&nbsp;GPIO_SetPin
<LI><a href="#[7b]">&gt;&gt;</a>&nbsp;&nbsp;&nbsp;GPIO_ResetPin
</UL>
<BR>[Called By]<UL><LI><a href="#[76]">&gt;&gt;</a>&nbsp;&nbsp;&nbsp;Motor_SetLeft
</UL>

<P><STRONG><a name="[7a]"></a>Motor_SetLeftPwm</STRONG> (Thumb, 24 bytes, Stack size 16 bytes, motor.o(i.Motor_SetLeftPwm))
<BR><BR>[Stack]<UL><LI>Max Depth = 32<LI>Call Chain = Motor_SetLeftPwm &rArr; Motor_ApplyTrim
</UL>
<BR>[Calls]<UL><LI><a href="#[74]">&gt;&gt;</a>&nbsp;&nbsp;&nbsp;Motor_ApplyTrim
</UL>
<BR>[Called By]<UL><LI><a href="#[76]">&gt;&gt;</a>&nbsp;&nbsp;&nbsp;Motor_SetLeft
</UL>

<P><STRONG><a name="[7c]"></a>Motor_SetRightDir</STRONG> (Thumb, 66 bytes, Stack size 8 bytes, motor.o(i.Motor_SetRightDir))
<BR><BR>[Stack]<UL><LI>Max Depth = 8<LI>Call Chain = Motor_SetRightDir
</UL>
<BR>[Calls]<UL><LI><a href="#[52]">&gt;&gt;</a>&nbsp;&nbsp;&nbsp;GPIO_SetPin
<LI><a href="#[7b]">&gt;&gt;</a>&nbsp;&nbsp;&nbsp;GPIO_ResetPin
</UL>
<BR>[Called By]<UL><LI><a href="#[77]">&gt;&gt;</a>&nbsp;&nbsp;&nbsp;Motor_SetRight
</UL>

<P><STRONG><a name="[7d]"></a>Motor_SetRightPwm</STRONG> (Thumb, 24 bytes, Stack size 16 bytes, motor.o(i.Motor_SetRightPwm))
<BR><BR>[Stack]<UL><LI>Max Depth = 32<LI>Call Chain = Motor_SetRightPwm &rArr; Motor_ApplyTrim
</UL>
<BR>[Calls]<UL><LI><a href="#[74]">&gt;&gt;</a>&nbsp;&nbsp;&nbsp;Motor_ApplyTrim
</UL>
<BR>[Called By]<UL><LI><a href="#[77]">&gt;&gt;</a>&nbsp;&nbsp;&nbsp;Motor_SetRight
</UL>

<P><STRONG><a name="[86]"></a>Ultrasonic_ReadRawCm</STRONG> (Thumb, 162 bytes, Stack size 16 bytes, ultrasonic.o(i.Ultrasonic_ReadRawCm))
<BR><BR>[Stack]<UL><LI>Max Depth = 32<LI>Call Chain = Ultrasonic_ReadRawCm &rArr; Ultrasonic_WaitEchoLevel
</UL>
<BR>[Calls]<UL><LI><a href="#[87]">&gt;&gt;</a>&nbsp;&nbsp;&nbsp;Ultrasonic_WaitForTriggerInterval
<LI><a href="#[88]">&gt;&gt;</a>&nbsp;&nbsp;&nbsp;Ultrasonic_WaitEchoLevel
<LI><a href="#[4e]">&gt;&gt;</a>&nbsp;&nbsp;&nbsp;Delay_us
<LI><a href="#[4f]">&gt;&gt;</a>&nbsp;&nbsp;&nbsp;Delay_GetMicros16
<LI><a href="#[52]">&gt;&gt;</a>&nbsp;&nbsp;&nbsp;GPIO_SetPin
<LI><a href="#[7b]">&gt;&gt;</a>&nbsp;&nbsp;&nbsp;GPIO_ResetPin
<LI><a href="#[55]">&gt;&gt;</a>&nbsp;&nbsp;&nbsp;GPIO_ReadPin
</UL>
<BR>[Called By]<UL><LI><a href="#[68]">&gt;&gt;</a>&nbsp;&nbsp;&nbsp;Ultrasonic_ReadFrontCm
</UL>

<P><STRONG><a name="[88]"></a>Ultrasonic_WaitEchoLevel</STRONG> (Thumb, 46 bytes, Stack size 16 bytes, ultrasonic.o(i.Ultrasonic_WaitEchoLevel))
<BR><BR>[Stack]<UL><LI>Max Depth = 16<LI>Call Chain = Ultrasonic_WaitEchoLevel
</UL>
<BR>[Calls]<UL><LI><a href="#[4f]">&gt;&gt;</a>&nbsp;&nbsp;&nbsp;Delay_GetMicros16
<LI><a href="#[55]">&gt;&gt;</a>&nbsp;&nbsp;&nbsp;GPIO_ReadPin
</UL>
<BR>[Called By]<UL><LI><a href="#[86]">&gt;&gt;</a>&nbsp;&nbsp;&nbsp;Ultrasonic_ReadRawCm
</UL>

<P><STRONG><a name="[87]"></a>Ultrasonic_WaitForTriggerInterval</STRONG> (Thumb, 32 bytes, Stack size 8 bytes, ultrasonic.o(i.Ultrasonic_WaitForTriggerInterval))
<BR><BR>[Stack]<UL><LI>Max Depth = 8<LI>Call Chain = Ultrasonic_WaitForTriggerInterval
</UL>
<BR>[Calls]<UL><LI><a href="#[4f]">&gt;&gt;</a>&nbsp;&nbsp;&nbsp;Delay_GetMicros16
</UL>
<BR>[Called By]<UL><LI><a href="#[86]">&gt;&gt;</a>&nbsp;&nbsp;&nbsp;Ultrasonic_ReadRawCm
</UL>

<P><STRONG><a name="[54]"></a>IR_ReadBlockedDebounced</STRONG> (Thumb, 62 bytes, Stack size 24 bytes, ir_sensor.o(i.IR_ReadBlockedDebounced))
<BR><BR>[Stack]<UL><LI>Max Depth = 32<LI>Call Chain = IR_ReadBlockedDebounced &rArr; Delay_ms &rArr; Delay_us
</UL>
<BR>[Calls]<UL><LI><a href="#[55]">&gt;&gt;</a>&nbsp;&nbsp;&nbsp;GPIO_ReadPin
<LI><a href="#[4d]">&gt;&gt;</a>&nbsp;&nbsp;&nbsp;Delay_ms
</UL>
<BR>[Called By]<UL><LI><a href="#[56]">&gt;&gt;</a>&nbsp;&nbsp;&nbsp;IR_RightBlocked
<LI><a href="#[53]">&gt;&gt;</a>&nbsp;&nbsp;&nbsp;IR_LeftBlocked
</UL>

<P><STRONG><a name="[82]"></a>UART1_SendSignedPwm</STRONG> (Thumb, 50 bytes, Stack size 8 bytes, uart.o(i.UART1_SendSignedPwm))
<BR><BR>[Stack]<UL><LI>Max Depth = 24<LI>Call Chain = UART1_SendSignedPwm &rArr; UART1_SendUint
</UL>
<BR>[Calls]<UL><LI><a href="#[83]">&gt;&gt;</a>&nbsp;&nbsp;&nbsp;UART1_SendChar
<LI><a href="#[80]">&gt;&gt;</a>&nbsp;&nbsp;&nbsp;UART1_SendUint
</UL>
<BR>[Called By]<UL><LI><a href="#[6e]">&gt;&gt;</a>&nbsp;&nbsp;&nbsp;UART1_SendRobotStatus
</UL>

<P><STRONG><a name="[80]"></a>UART1_SendUint</STRONG> (Thumb, 78 bytes, Stack size 16 bytes, uart.o(i.UART1_SendUint))
<BR><BR>[Stack]<UL><LI>Max Depth = 16<LI>Call Chain = UART1_SendUint
</UL>
<BR>[Calls]<UL><LI><a href="#[83]">&gt;&gt;</a>&nbsp;&nbsp;&nbsp;UART1_SendChar
</UL>
<BR>[Called By]<UL><LI><a href="#[82]">&gt;&gt;</a>&nbsp;&nbsp;&nbsp;UART1_SendSignedPwm
<LI><a href="#[6e]">&gt;&gt;</a>&nbsp;&nbsp;&nbsp;UART1_SendRobotStatus
</UL>

<P><STRONG><a name="[81]"></a>UART1_SendUltrasonicError</STRONG> (Thumb, 78 bytes, Stack size 8 bytes, uart.o(i.UART1_SendUltrasonicError))
<BR><BR>[Stack]<UL><LI>Max Depth = 12<LI>Call Chain = UART1_SendUltrasonicError &rArr; UART1_SendString
</UL>
<BR>[Calls]<UL><LI><a href="#[84]">&gt;&gt;</a>&nbsp;&nbsp;&nbsp;Ultrasonic_LastError
<LI><a href="#[7f]">&gt;&gt;</a>&nbsp;&nbsp;&nbsp;UART1_SendString
</UL>
<BR>[Called By]<UL><LI><a href="#[6e]">&gt;&gt;</a>&nbsp;&nbsp;&nbsp;UART1_SendRobotStatus
</UL>
<P>
<H3>
Undefined Global Symbols
</H3><HR></body></html>
